Component: ARM Compiler 5.06 update 6 (build 750) Tool: armlink [4d35ed]

==============================================================================

Section Cross References

    startup_stm32l151xc.o(RESET) refers to startup_stm32l151xc.o(STACK) for __initial_sp
    startup_stm32l151xc.o(RESET) refers to startup_stm32l151xc.o(.text) for Reset_Handler
    startup_stm32l151xc.o(RESET) refers to stm32l1xx_it.o(i.NMI_Handler) for NMI_Handler
    startup_stm32l151xc.o(RESET) refers to stm32l1xx_it.o(i.HardFault_Handler) for HardFault_Handler
    startup_stm32l151xc.o(RESET) refers to stm32l1xx_it.o(i.MemManage_Handler) for MemManage_Handler
    startup_stm32l151xc.o(RESET) refers to stm32l1xx_it.o(i.BusFault_Handler) for BusFault_Handler
    startup_stm32l151xc.o(RESET) refers to stm32l1xx_it.o(i.UsageFault_Handler) for UsageFault_Handler
    startup_stm32l151xc.o(RESET) refers to stm32l1xx_it.o(i.SVC_Handler) for SVC_Handler
    startup_stm32l151xc.o(RESET) refers to stm32l1xx_it.o(i.DebugMon_Handler) for DebugMon_Handler
    startup_stm32l151xc.o(RESET) refers to stm32l1xx_it.o(i.PendSV_Handler) for PendSV_Handler
    startup_stm32l151xc.o(RESET) refers to stm32l1xx_it.o(i.SysTick_Handler) for SysTick_Handler
    startup_stm32l151xc.o(RESET) refers to stm32l1xx_it.o(i.TIM2_IRQHandler) for TIM2_IRQHandler
    startup_stm32l151xc.o(RESET) refers to stm32l1xx_it.o(i.USART1_IRQHandler) for USART1_IRQHandler
    startup_stm32l151xc.o(RESET) refers to stm32l1xx_it.o(i.USART3_IRQHandler) for USART3_IRQHandler
    startup_stm32l151xc.o(.text) refers to system_stm32l1xx.o(i.SystemInit) for SystemInit
    startup_stm32l151xc.o(.text) refers to entry.o(.ARM.Collect$$$$00000000) for __main
    check_button.o(i.BT_Press_Hold_Down) refers to stm32l1xx_hal_gpio.o(i.HAL_GPIO_ReadPin) for HAL_GPIO_ReadPin
    check_button.o(i.BT_Press_Hold_Down) refers to check_button.o(.data) for check_BT_run_down
    check_button.o(i.BT_Press_Hold_Esc) refers to stm32l1xx_hal_gpio.o(i.HAL_GPIO_ReadPin) for HAL_GPIO_ReadPin
    check_button.o(i.BT_Press_Hold_Esc) refers to check_button.o(.data) for check_BT_run_esc
    check_button.o(i.BT_Press_Hold_Up) refers to stm32l1xx_hal_gpio.o(i.HAL_GPIO_ReadPin) for HAL_GPIO_ReadPin
    check_button.o(i.BT_Press_Hold_Up) refers to check_button.o(.data) for check_BT_run_up
    check_button.o(i.GET_SYSTICK_MS) refers to check_button.o(.data) for SYSTICK_count_ms
    check_button.o(i.HAL_SYSTICK_Callback) refers to check_button.o(i.GET_SYSTICK_MS) for GET_SYSTICK_MS
    check_button.o(i.HAL_SYSTICK_Callback) refers to check_button.o(.data) for check_BT_run_esc
    clcd.o(i.CLCD_4BIT_Init) refers to clcd.o(i.CLCD_Delay) for CLCD_Delay
    clcd.o(i.CLCD_4BIT_Init) refers to clcd.o(i.CLCD_Write4) for CLCD_Write4
    clcd.o(i.CLCD_8BIT_Init) refers to clcd.o(i.CLCD_Delay) for CLCD_Delay
    clcd.o(i.CLCD_8BIT_Init) refers to clcd.o(i.CLCD_Write8) for CLCD_Write8
    clcd.o(i.CLCD_BlinkOff) refers to clcd.o(i.CLCD_Write8) for CLCD_Write8
    clcd.o(i.CLCD_BlinkOff) refers to clcd.o(i.CLCD_Write4) for CLCD_Write4
    clcd.o(i.CLCD_BlinkOn) refers to clcd.o(i.CLCD_Write8) for CLCD_Write8
    clcd.o(i.CLCD_BlinkOn) refers to clcd.o(i.CLCD_Write4) for CLCD_Write4
    clcd.o(i.CLCD_Clear) refers to clcd.o(i.CLCD_Write8) for CLCD_Write8
    clcd.o(i.CLCD_Clear) refers to clcd.o(i.CLCD_Write4) for CLCD_Write4
    clcd.o(i.CLCD_Clear) refers to clcd.o(i.CLCD_Delay) for CLCD_Delay
    clcd.o(i.CLCD_CursorOff) refers to clcd.o(i.CLCD_Write8) for CLCD_Write8
    clcd.o(i.CLCD_CursorOff) refers to clcd.o(i.CLCD_Write4) for CLCD_Write4
    clcd.o(i.CLCD_CursorOn) refers to clcd.o(i.CLCD_Write8) for CLCD_Write8
    clcd.o(i.CLCD_CursorOn) refers to clcd.o(i.CLCD_Write4) for CLCD_Write4
    clcd.o(i.CLCD_Delay) refers to stm32l1xx_hal.o(i.HAL_Delay) for HAL_Delay
    clcd.o(i.CLCD_ReturnHome) refers to clcd.o(i.CLCD_Write8) for CLCD_Write8
    clcd.o(i.CLCD_ReturnHome) refers to clcd.o(i.CLCD_Write4) for CLCD_Write4
    clcd.o(i.CLCD_ReturnHome) refers to clcd.o(i.CLCD_Delay) for CLCD_Delay
    clcd.o(i.CLCD_SetCursor) refers to clcd.o(i.CLCD_Write8) for CLCD_Write8
    clcd.o(i.CLCD_SetCursor) refers to clcd.o(i.CLCD_Write4) for CLCD_Write4
    clcd.o(i.CLCD_Write4) refers to stm32l1xx_hal_gpio.o(i.HAL_GPIO_WritePin) for HAL_GPIO_WritePin
    clcd.o(i.CLCD_Write4) refers to clcd.o(i.CLCD_Delay) for CLCD_Delay
    clcd.o(i.CLCD_Write8) refers to stm32l1xx_hal_gpio.o(i.HAL_GPIO_WritePin) for HAL_GPIO_WritePin
    clcd.o(i.CLCD_Write8) refers to clcd.o(i.CLCD_Delay) for CLCD_Delay
    clcd.o(i.CLCD_WriteChar) refers to clcd.o(i.CLCD_Write8) for CLCD_Write8
    clcd.o(i.CLCD_WriteChar) refers to clcd.o(i.CLCD_Write4) for CLCD_Write4
    clcd.o(i.CLCD_WriteString) refers to clcd.o(i.CLCD_WriteChar) for CLCD_WriteChar
    lcd_object.o(i.LCD_Display_Esc) refers to lcd_object.o(i.LCD_Send_Data) for LCD_Send_Data
    lcd_object.o(i.LCD_Display_Running_OR_Setup) refers to lcd_object.o(i.LCD_Send_Data) for LCD_Send_Data
[...]
    ..\Drivers\Mylib\Src\CLCD.c              0x00000000   Number         0  clcd.o ABSOLUTE
    ..\Drivers\Mylib\Src\LCD_object.c        0x00000000   Number         0  lcd_object.o ABSOLUTE
    ..\Drivers\Mylib\Src\Relay_Led.c         0x00000000   Number         0  relay_led.o ABSOLUTE
    ..\Drivers\Mylib\Src\check_Button.c      0x00000000   Number         0  check_button.o ABSOLUTE
    ..\Drivers\Mylib\Src\uart_sim.c          0x00000000   Number         0  uart_sim.o ABSOLUTE
    ..\Drivers\Mylib\Src\user_LCD.c          0x00000000   Number         0  user_lcd.o ABSOLUTE
    ..\Drivers\STM32L1xx_HAL_Driver\Src\stm32l1xx_hal.c 0x00000000   Number         0  stm32l1xx_hal.o ABSOLUTE
    ..\Drivers\STM32L1xx_HAL_Driver\Src\stm32l1xx_hal_cortex.c 0x00000000   Number         0  stm32l1xx_hal_cortex.o ABSOLUTE
    ..\Drivers\STM32L1xx_HAL_Driver\Src\stm32l1xx_hal_dma.c 0x00000000   Number         0  stm32l1xx_hal_dma.o ABSOLUTE
    ..\Drivers\STM32L1xx_HAL_Driver\Src\stm32l1xx_hal_flash.c 0x00000000   Number         0  stm32l1xx_hal_flash.o ABSOLUTE
    ..\Drivers\STM32L1xx_HAL_Driver\Src\stm32l1xx_hal_flash_ex.c 0x00000000   Number         0  stm32l1xx_hal_flash_ex.o ABSOLUTE
    ..\Drivers\STM32L1xx_HAL_Driver\Src\stm32l1xx_hal_flash_ramfunc.c 0x00000000   Number         0  stm32l1xx_hal_flash_ramfunc.o ABSOLUTE
    ..\Drivers\STM32L1xx_HAL_Driver\Src\stm32l1xx_hal_gpio.c 0x00000000   Number         0  stm32l1xx_hal_gpio.o ABSOLUTE
    ..\Drivers\STM32L1xx_HAL_Driver\Src\stm32l1xx_hal_pwr.c 0x00000000   Number         0  stm32l1xx_hal_pwr.o ABSOLUTE
    ..\Drivers\STM32L1xx_HAL_Driver\Src\stm32l1xx_hal_pwr_ex.c 0x00000000   Number         0  stm32l1xx_hal_pwr_ex.o ABSOLUTE
    ..\Drivers\STM32L1xx_HAL_Driver\Src\stm32l1xx_hal_rcc.c 0x00000000   Number         0  stm32l1xx_hal_rcc.o ABSOLUTE
    ..\Drivers\STM32L1xx_HAL_Driver\Src\stm32l1xx_hal_rcc_ex.c 0x00000000   Number         0  stm32l1xx_hal_rcc_ex.o ABSOLUTE
    ..\Drivers\STM32L1xx_HAL_Driver\Src\stm32l1xx_hal_tim.c 0x00000000   Number         0  stm32l1xx_hal_tim.o ABSOLUTE
    ..\Drivers\STM32L1xx_HAL_Driver\Src\stm32l1xx_hal_tim_ex.c 0x00000000   Number         0  stm32l1xx_hal_tim_ex.o ABSOLUTE
    ..\Drivers\STM32L1xx_HAL_Driver\Src\stm32l1xx_hal_uart.c 0x00000000   Number         0  stm32l1xx_hal_uart.o ABSOLUTE
    ..\Src\main.c                            0x00000000   Number         0  main.o ABSOLUTE
    ..\Src\stm32l1xx_hal_msp.c               0x00000000   Number         0  stm32l1xx_hal_msp.o ABSOLUTE
    ..\Src\stm32l1xx_it.c                    0x00000000   Number         0  stm32l1xx_it.o ABSOLUTE
    ..\Src\system_stm32l1xx.c                0x00000000   Number         0  system_stm32l1xx.o ABSOLUTE
    ..\Src\user_LCD_object.c                 0x00000000   Number         0  user_lcd_object.o ABSOLUTE
    ..\Src\user_check_button.c               0x00000000   Number         0  user_check_button.o ABSOLUTE
    ..\Src\user_sim.c                        0x00000000   Number         0  user_sim.o ABSOLUTE
    ..\\Drivers\\Mylib\\Src\\CLCD.c          0x00000000   Number         0  clcd.o ABSOLUTE
    ..\\Drivers\\Mylib\\Src\\LCD_object.c    0x00000000   Number         0  lcd_object.o ABSOLUTE
    ..\\Drivers\\Mylib\\Src\\Relay_Led.c     0x00000000   Number         0  relay_led.o ABSOLUTE
    ..\\Drivers\\Mylib\\Src\\check_Button.c  0x00000000   Number         0  check_button.o ABSOLUTE
    ..\\Drivers\\Mylib\\Src\\uart_sim.c      0x00000000   Number         0  uart_sim.o ABSOLUTE
    ..\\Drivers\\Mylib\\Src\\user_LCD.c      0x00000000   Number         0  user_lcd.o ABSOLUTE
    ..\\Src\\user_LCD_object.c               0x00000000   Number         0  user_lcd_object.o ABSOLUTE
    ..\\Src\\user_check_button.c             0x00000000   Number         0  user_check_button.o ABSOLUTE
    ..\\Src\\user_sim.c                      0x00000000   Number         0  user_sim.o ABSOLUTE
    cdcmple.s                                0x00000000   Number         0  cdcmple.o ABSOLUTE
    cdrcmple.s                               0x00000000   Number         0  cdrcmple.o ABSOLUTE
    dc.s                                     0x00000000   Number         0  dc.o ABSOLUTE
    handlers.s                               0x00000000   Number         0  handlers.o ABSOLUTE
    init.s                                   0x00000000   Number         0  init.o ABSOLUTE
    startup_stm32l151xc.s                    0x00000000   Number         0  startup_stm32l151xc.o ABSOLUTE
    RESET                                    0x08000000   Section      292  startup_stm32l151xc.o(RESET)
    .ARM.Collect$$$$00000000                 0x08000124   Section        0  entry.o(.ARM.Collect$$$$00000000)
    .ARM.Collect$$$$00000001                 0x08000124   Section        4  entry2.o(.ARM.Collect$$$$00000001)
    .ARM.Collect$$$$00000004                 0x08000128   Section        4  entry5.o(.ARM.Collect$$$$00000004)
    .ARM.Collect$$$$00000008                 0x0800012c   Section        0  entry7b.o(.ARM.Collect$$$$00000008)
    .ARM.Collect$$$$0000000A                 0x0800012c   Section        0  entry8b.o(.ARM.Collect$$$$0000000A)
    .ARM.Collect$$$$0000000B                 0x0800012c   Section        8  entry9a.o(.ARM.Collect$$$$0000000B)
    .ARM.Collect$$$$0000000D                 0x08000134   Section        0  entry10a.o(.ARM.Collect$$$$0000000D)
    .ARM.Collect$$$$0000000F                 0x08000134   Section        0  entry11a.o(.ARM.Collect$$$$0000000F)
    .ARM.Collect$$$$00002712                 0x08000134   Section        4  entry2.o(.ARM.Collect$$$$00002712)
    __lit__00000000                          0x08000134   Data           4  entry2.o(.ARM.Collect$$$$00002712)
    .text                                    0x08000138   Section       36  startup_stm32l151xc.o(.text)
    .text                                    0x0800015c   Section        0  memcpya.o(.text)
    .text                                    0x08000180   Section        0  memseta.o(.text)
    .text                                    0x080001a4   Section        0  strstr.o(.text)
    .text                                    0x080001c8   Section        0  strlen.o(.text)
    .text                                    0x080001d6   Section        0  fdiv.o(.text)
    .text                                    0x08000252   Section        0  dadd.o(.text)
    .text                                    0x080003a0   Section        0  dmul.o(.text)
    .text                                    0x08000484   Section        0  ffltui.o(.text)
    .text                                    0x0800048e   Section        0  dflti.o(.text)
    .text                                    0x080004b0   Section        0  dfltui.o(.text)
    .text                                    0x080004ca   Section        0  ffixui.o(.text)
    .text                                    0x080004f2   Section        0  dfixui.o(.text)
    .text                                    0x08000524   Section        0  llshl.o(.text)
    .text                                    0x08000542   Section        0  llushr.o(.text)
    .text                                    0x08000562   Section        0  llsshr.o(.text)
    .text                                    0x08000586   Section        0  iusefp.o(.text)
    .text                                    0x08000586   Section        0  fepilogue.o(.text)
    .text                                    0x080005f4   Section        0  depilogue.o(.text)
    .text                                    0x080006ae   Section        0  ddiv.o(.text)
    .text                                    0x0800078c   Section        0  dscalb.o(.text)
    .text                                    0x080007bc   Section       48  cdrcmple.o(.text)
    .text                                    0x080007ec   Section       36  init.o(.text)
    .text                                    0x08000810   Section        0  dsqrt.o(.text)
    i.BT_Check_Up_Down                       0x080008b4   Section        0  user_check_button.o(i.BT_Check_Up_Down)
    i.BT_Esc_Exit_Setup                      0x08000920   Section        0  user_check_button.o(i.BT_Esc_Exit_Setup)
    i.BT_Press_Click_Down                    0x08000974   Section        0  check_button.o(i.BT_Press_Click_Down)
    i.BT_Press_Click_Up                      0x0800098c   Section        0  check_button.o(i.BT_Press_Click_Up)
    i.BT_Press_Hold_Down                     0x080009ac   Section        0  check_button.o(i.BT_Press_Hold_Down)
    i.BT_Press_Hold_Esc                      0x080009fc   Section        0  check_button.o(i.BT_Press_Hold_Esc)
    i.BT_Press_Hold_Up                       0x08000a64   Section        0  check_button.o(i.BT_Press_Hold_Up)
    i.BusFault_Handler                       0x08000ab0   Section        0  stm32l1xx_it.o(i.BusFault_Handler)
    i.CLCD_4BIT_Init                         0x08000ab4   Section        0  clcd.o(i.CLCD_4BIT_Init)
    i.CLCD_Delay                             0x08000b98   Section        0  clcd.o(i.CLCD_Delay)
    CLCD_Delay                               0x08000b99   Thumb Code    12  clcd.o(i.CLCD_Delay)
    i.CLCD_SetCursor                         0x08000ba4   Section        0  clcd.o(i.CLCD_SetCursor)
    i.CLCD_Write4                            0x08000c00   Section        0  clcd.o(i.CLCD_Write4)
    CLCD_Write4                              0x08000c01   Thumb Code   252  clcd.o(i.CLCD_Write4)
    i.CLCD_Write8                            0x08000cfc   Section        0  clcd.o(i.CLCD_Write8)
    CLCD_Write8                              0x08000cfd   Thumb Code   186  clcd.o(i.CLCD_Write8)
    i.CLCD_WriteChar                         0x08000db6   Section        0  clcd.o(i.CLCD_WriteChar)
    i.CLCD_WriteString                       0x08000dde   Section        0  clcd.o(i.CLCD_WriteString)
    i.Char_To_Uint                           0x08000df8   Section        0  user_sim.o(i.Char_To_Uint)
    i.Check_BT_Callback                      0x08000e80   Section        0  main.o(i.Check_BT_Callback)
    i.Check_BT_DOWN                          0x08000ecc   Section        0  user_check_button.o(i.Check_BT_DOWN)
    i.Check_BT_ENTER                         0x08000f04   Section        0  user_check_button.o(i.Check_BT_ENTER)
    i.Check_BT_ESC                           0x08000fc8   Section        0  user_check_button.o(i.Check_BT_ESC)
    i.Check_BT_UP                            0x08001060   Section        0  user_check_button.o(i.Check_BT_UP)
    i.Check_Rx_Complete                      0x08001098   Section        0  uart_sim.o(i.Check_Rx_Complete)
    i.Check_SMS_Receive                      0x080010b8   Section        0  main.o(i.Check_SMS_Receive)
    i.Check_Status_Config_Sim                0x080011d0   Section        0  uart_sim.o(i.Check_Status_Config_Sim)
    i.Check_Test                             0x08001234   Section        0  main.o(i.Check_Test)
    i.Config_SMS_Receive                     0x080012c4   Section        0  uart_sim.o(i.Config_SMS_Receive)
    i.Config_Uart_Sim                        0x0800131c   Section        0  uart_sim.o(i.Config_Uart_Sim)
    i.DebugMon_Handler                       0x0800149c   Section        0  stm32l1xx_it.o(i.DebugMon_Handler)
    i.Delete_Buffer                          0x0800149e   Section        0  uart_sim.o(i.Delete_Buffer)
    i.Display_Time                           0x080014c8   Section        0  main.o(i.Display_Time)
    i.Display_Uart1                          0x0800150c   Section        0  uart_sim.o(i.Display_Uart1)
    i.Error_Handler                          0x08001540   Section        0  main.o(i.Error_Handler)
    i.FLASH_PageErase                        0x08001544   Section        0  stm32l1xx_hal_flash_ex.o(i.FLASH_PageErase)
    i.FLASH_ReadData32                       0x08001574   Section        0  user_check_button.o(i.FLASH_ReadData32)
    i.FLASH_SetErrorCode                     0x0800157c   Section        0  stm32l1xx_hal_flash.o(i.FLASH_SetErrorCode)
    FLASH_SetErrorCode                       0x0800157d   Thumb Code   158  stm32l1xx_hal_flash.o(i.FLASH_SetErrorCode)
    i.FLASH_WaitForLastOperation             0x08001624   Section        0  stm32l1xx_hal_flash.o(i.FLASH_WaitForLastOperation)
    i.FLASH_WritePage                        0x080016b8   Section        0  user_check_button.o(i.FLASH_WritePage)
    i.GET_SYSTICK_MS                         0x08001718   Section        0  check_button.o(i.GET_SYSTICK_MS)
    i.HAL_DMA_Abort_IT                       0x08001740   Section        0  stm32l1xx_hal_dma.o(i.HAL_DMA_Abort_IT)
    i.HAL_Delay                              0x0800179c   Section        0  stm32l1xx_hal.o(i.HAL_Delay)
    i.HAL_FLASHEx_Erase                      0x080017c4   Section        0  stm32l1xx_hal_flash_ex.o(i.HAL_FLASHEx_Erase)
    i.HAL_FLASH_Lock                         0x08001854   Section        0  stm32l1xx_hal_flash.o(i.HAL_FLASH_Lock)
    i.HAL_FLASH_Program                      0x08001868   Section        0  stm32l1xx_hal_flash.o(i.HAL_FLASH_Program)
    i.HAL_FLASH_Unlock                       0x080018bc   Section        0  stm32l1xx_hal_flash.o(i.HAL_FLASH_Unlock)
    i.HAL_GPIO_Init                          0x08001920   Section        0  stm32l1xx_hal_gpio.o(i.HAL_GPIO_Init)
    i.HAL_GPIO_ReadPin                       0x08001af0   Section        0  stm32l1xx_hal_gpio.o(i.HAL_GPIO_ReadPin)
    i.HAL_GPIO_WritePin                      0x08001b00   Section        0  stm32l1xx_hal_gpio.o(i.HAL_GPIO_WritePin)
    i.HAL_GetTick                            0x08001b0c   Section        0  stm32l1xx_hal.o(i.HAL_GetTick)
    i.HAL_IncTick                            0x08001b18   Section        0  stm32l1xx_hal.o(i.HAL_IncTick)
    i.HAL_Init                               0x08001b30   Section        0  stm32l1xx_hal.o(i.HAL_Init)
    i.HAL_InitTick                           0x08001b50   Section        0  stm32l1xx_hal.o(i.HAL_InitTick)
    i.HAL_MspInit                            0x08001ba8   Section        0  stm32l1xx_hal_msp.o(i.HAL_MspInit)
    i.HAL_NVIC_EnableIRQ                     0x08001c04   Section        0  stm32l1xx_hal_cortex.o(i.HAL_NVIC_EnableIRQ)
    i.HAL_NVIC_SetPriority                   0x08001c24   Section        0  stm32l1xx_hal_cortex.o(i.HAL_NVIC_SetPriority)
    i.HAL_NVIC_SetPriorityGrouping           0x08001ca0   Section        0  stm32l1xx_hal_cortex.o(i.HAL_NVIC_SetPriorityGrouping)
    i.HAL_RCC_ClockConfig                    0x08001cc8   Section        0  stm32l1xx_hal_rcc.o(i.HAL_RCC_ClockConfig)
    i.HAL_RCC_GetHCLKFreq                    0x08001ee8   Section        0  stm32l1xx_hal_rcc.o(i.HAL_RCC_GetHCLKFreq)
    i.HAL_RCC_GetPCLK1Freq                   0x08001ef4   Section        0  stm32l1xx_hal_rcc.o(i.HAL_RCC_GetPCLK1Freq)
    i.HAL_RCC_GetPCLK2Freq                   0x08001f14   Section        0  stm32l1xx_hal_rcc.o(i.HAL_RCC_GetPCLK2Freq)
    i.HAL_RCC_GetSysClockFreq                0x08001f34   Section        0  stm32l1xx_hal_rcc.o(i.HAL_RCC_GetSysClockFreq)
    i.HAL_RCC_OscConfig                      0x08001fb0   Section        0  stm32l1xx_hal_rcc.o(i.HAL_RCC_OscConfig)
    i.HAL_SYSTICK_Callback                   0x08002580   Section        0  check_button.o(i.HAL_SYSTICK_Callback)
    i.HAL_SYSTICK_Config                     0x080025ec   Section        0  stm32l1xx_hal_cortex.o(i.HAL_SYSTICK_Config)
    i.HAL_SYSTICK_IRQHandler                 0x08002620   Section        0  stm32l1xx_hal_cortex.o(i.HAL_SYSTICK_IRQHandler)
    i.HAL_TIMEx_MasterConfigSynchronization  0x08002628   Section        0  stm32l1xx_hal_tim_ex.o(i.HAL_TIMEx_MasterConfigSynchronization)
    i.HAL_TIM_Base_Init                      0x0800267c   Section        0  stm32l1xx_hal_tim.o(i.HAL_TIM_Base_Init)
    i.HAL_TIM_Base_MspInit                   0x080026b0   Section        0  stm32l1xx_hal_msp.o(i.HAL_TIM_Base_MspInit)
    i.HAL_TIM_Base_Start_IT                  0x080026f0   Section        0  stm32l1xx_hal_tim.o(i.HAL_TIM_Base_Start_IT)
    i.HAL_TIM_ConfigClockSource              0x0800271a   Section        0  stm32l1xx_hal_tim.o(i.HAL_TIM_ConfigClockSource)
    i.HAL_TIM_IC_CaptureCallback             0x08002822   Section        0  stm32l1xx_hal_tim.o(i.HAL_TIM_IC_CaptureCallback)
    i.HAL_TIM_IRQHandler                     0x08002824   Section        0  stm32l1xx_hal_tim.o(i.HAL_TIM_IRQHandler)
    i.HAL_TIM_OC_DelayElapsedCallback        0x08002976   Section        0  stm32l1xx_hal_tim.o(i.HAL_TIM_OC_DelayElapsedCallback)
    i.HAL_TIM_PWM_PulseFinishedCallback      0x08002978   Section        0  stm32l1xx_hal_tim.o(i.HAL_TIM_PWM_PulseFinishedCallback)
    i.HAL_TIM_PeriodElapsedCallback          0x0800297c   Section        0  main.o(i.HAL_TIM_PeriodElapsedCallback)
    i.HAL_TIM_TriggerCallback                0x0800298c   Section        0  stm32l1xx_hal_tim.o(i.HAL_TIM_TriggerCallback)
    i.HAL_UART_ErrorCallback                 0x0800298e   Section        0  stm32l1xx_hal_uart.o(i.HAL_UART_ErrorCallback)
    i.HAL_UART_IRQHandler                    0x08002990   Section        0  stm32l1xx_hal_uart.o(i.HAL_UART_IRQHandler)
    i.HAL_UART_Init                          0x08002adc   Section        0  stm32l1xx_hal_uart.o(i.HAL_UART_Init)
    i.HAL_UART_MspInit                       0x08002b50   Section        0  stm32l1xx_hal_msp.o(i.HAL_UART_MspInit)
    i.HAL_UART_Receive_IT                    0x08002c5c   Section        0  stm32l1xx_hal_uart.o(i.HAL_UART_Receive_IT)
    i.HAL_UART_RxCpltCallback                0x08002ccc   Section        0  main.o(i.HAL_UART_RxCpltCallback)
    i.HAL_UART_Transmit                      0x08002d34   Section        0  stm32l1xx_hal_uart.o(i.HAL_UART_Transmit)
    i.HAL_UART_TxCpltCallback                0x08002e0a   Section        0  stm32l1xx_hal_uart.o(i.HAL_UART_TxCpltCallback)
    i.HardFault_Handler                      0x08002e0c   Section        0  stm32l1xx_it.o(i.HardFault_Handler)
    i.LCD_Change_State_Setup_T1_T2_T3        0x08002e10   Section        0  user_lcd_object.o(i.LCD_Change_State_Setup_T1_T2_T3)
    i.LCD_Change_State_Time_HH_MM_SS         0x08002e64   Section        0  user_lcd_object.o(i.LCD_Change_State_Time_HH_MM_SS)
    i.LCD_Display_Esc                        0x08002edc   Section        0  lcd_object.o(i.LCD_Display_Esc)
    i.LCD_Display_Running_OR_Setup           0x08002f30   Section        0  lcd_object.o(i.LCD_Display_Running_OR_Setup)
    i.LCD_Display_Time                       0x08002f50   Section        0  lcd_object.o(i.LCD_Display_Time)
    i.LCD_Display_Time1_Time2_Time3          0x08002f96   Section        0  lcd_object.o(i.LCD_Display_Time1_Time2_Time3)
    i.LCD_Send_Data                          0x08002fea   Section        0  lcd_object.o(i.LCD_Send_Data)
    i.MX_GPIO_Init                           0x08003004   Section        0  main.o(i.MX_GPIO_Init)
    MX_GPIO_Init                             0x08003005   Thumb Code   270  main.o(i.MX_GPIO_Init)
    i.MX_TIM2_Init                           0x08003128   Section        0  main.o(i.MX_TIM2_Init)
    MX_TIM2_Init                             0x08003129   Thumb Code   104  main.o(i.MX_TIM2_Init)
    i.MX_USART1_UART_Init                    0x08003194   Section        0  main.o(i.MX_USART1_UART_Init)
    MX_USART1_UART_Init                      0x08003195   Thumb Code    46  main.o(i.MX_USART1_UART_Init)
    i.MX_USART3_UART_Init                    0x080031cc   Section        0  main.o(i.MX_USART3_UART_Init)
    MX_USART3_UART_Init                      0x080031cd   Thumb Code    46  main.o(i.MX_USART3_UART_Init)
    i.MemManage_Handler                      0x08003204   Section        0  stm32l1xx_it.o(i.MemManage_Handler)
    i.NMI_Handler                            0x08003208   Section        0  stm32l1xx_it.o(i.NMI_Handler)
    i.PendSV_Handler                         0x0800320a   Section        0  stm32l1xx_it.o(i.PendSV_Handler)
    i.RCC_SetFlashLatencyFromMSIRange        0x0800320c   Section        0  stm32l1xx_hal_rcc.o(i.RCC_SetFlashLatencyFromMSIRange)
    RCC_SetFlashLatencyFromMSIRange          0x0800320d   Thumb Code   156  stm32l1xx_hal_rcc.o(i.RCC_SetFlashLatencyFromMSIRange)
    i.Read_Flash                             0x080032b4   Section        0  main.o(i.Read_Flash)
    i.Receive_SMS_Setup                      0x08003304   Section        0  user_sim.o(i.Receive_SMS_Setup)
    i.Reset_Relay_Led                        0x080033f4   Section        0  relay_led.o(i.Reset_Relay_Led)
    i.Run_Begin                              0x08003428   Section        0  user_check_button.o(i.Run_Begin)
    i.Run_Feed_Shrimp                        0x08003480   Section        0  main.o(i.Run_Feed_Shrimp)
    i.SVC_Handler                            0x08003590   Section        0  stm32l1xx_it.o(i.SVC_Handler)
    i.Set_Relay_Led                          0x08003592   Section        0  relay_led.o(i.Set_Relay_Led)
    i.Set_Time                               0x080035c4   Section        0  main.o(i.Set_Time)
    i.Setup_On_Off_Sim                       0x08003638   Section        0  uart_sim.o(i.Setup_On_Off_Sim)
    i.Setup_SIM                              0x080036b0   Section        0  main.o(i.Setup_SIM)
    i.Sim_SendCommand                        0x08003780   Section        0  uart_sim.o(i.Sim_SendCommand)
    i.SysTick_Handler                        0x080038ee   Section        0  stm32l1xx_it.o(i.SysTick_Handler)
    i.SystemClock_Config                     0x080038fc   Section        0  main.o(i.SystemClock_Config)
    i.SystemInit                             0x08003964   Section        0  system_stm32l1xx.o(i.SystemInit)
    i.TIM2_IRQHandler                        0x080039c8   Section        0  stm32l1xx_it.o(i.TIM2_IRQHandler)
    i.TIM_Base_SetConfig                     0x080039d8   Section        0  stm32l1xx_hal_tim.o(i.TIM_Base_SetConfig)
    TIM_Base_SetConfig                       0x080039d9   Thumb Code   118  stm32l1xx_hal_tim.o(i.TIM_Base_SetConfig)
    i.TIM_ETR_SetConfig                      0x08003a68   Section        0  stm32l1xx_hal_tim.o(i.TIM_ETR_SetConfig)
    TIM_ETR_SetConfig                        0x08003a69   Thumb Code    22  stm32l1xx_hal_tim.o(i.TIM_ETR_SetConfig)
    i.TIM_ITRx_SetConfig                     0x08003a7e   Section        0  stm32l1xx_hal_tim.o(i.TIM_ITRx_SetConfig)
    TIM_ITRx_SetConfig                       0x08003a7f   Thumb Code    18  stm32l1xx_hal_tim.o(i.TIM_ITRx_SetConfig)
    i.TIM_TI1_ConfigInputStage               0x08003a90   Section        0  stm32l1xx_hal_tim.o(i.TIM_TI1_ConfigInputStage)
    TIM_TI1_ConfigInputStage                 0x08003a91   Thumb Code    38  stm32l1xx_hal_tim.o(i.TIM_TI1_ConfigInputStage)
    i.TIM_TI2_ConfigInputStage               0x08003ab6   Section        0  stm32l1xx_hal_tim.o(i.TIM_TI2_ConfigInputStage)
    TIM_TI2_ConfigInputStage                 0x08003ab7   Thumb Code    40  stm32l1xx_hal_tim.o(i.TIM_TI2_ConfigInputStage)
    i.Transmit_Data_Uart3                    0x08003ae0   Section        0  uart_sim.o(i.Transmit_Data_Uart3)
    i.UART_DMAAbortOnError                   0x08003b14   Section        0  stm32l1xx_hal_uart.o(i.UART_DMAAbortOnError)
    UART_DMAAbortOnError                     0x08003b15   Thumb Code    20  stm32l1xx_hal_uart.o(i.UART_DMAAbortOnError)
    i.UART_EndRxTransfer                     0x08003b28   Section        0  stm32l1xx_hal_uart.o(i.UART_EndRxTransfer)
    UART_EndRxTransfer                       0x08003b29   Thumb Code    32  stm32l1xx_hal_uart.o(i.UART_EndRxTransfer)
    i.UART_EndTransmit_IT                    0x08003b48   Section        0  stm32l1xx_hal_uart.o(i.UART_EndTransmit_IT)
    UART_EndTransmit_IT                      0x08003b49   Thumb Code    32  stm32l1xx_hal_uart.o(i.UART_EndTransmit_IT)
    i.UART_Receive_IT                        0x08003b68   Section        0  stm32l1xx_hal_uart.o(i.UART_Receive_IT)
    UART_Receive_IT                          0x08003b69   Thumb Code   166  stm32l1xx_hal_uart.o(i.UART_Receive_IT)
    i.UART_SetConfig                         0x08003c10   Section        0  stm32l1xx_hal_uart.o(i.UART_SetConfig)
    UART_SetConfig                           0x08003c11   Thumb Code   780  stm32l1xx_hal_uart.o(i.UART_SetConfig)
    i.UART_Transmit_IT                       0x08003f20   Section        0  stm32l1xx_hal_uart.o(i.UART_Transmit_IT)
    UART_Transmit_IT                         0x08003f21   Thumb Code   104  stm32l1xx_hal_uart.o(i.UART_Transmit_IT)
    i.UART_WaitOnFlagUntilTimeout            0x08003f88   Section        0  stm32l1xx_hal_uart.o(i.UART_WaitOnFlagUntilTimeout)
    UART_WaitOnFlagUntilTimeout              0x08003f89   Thumb Code   108  stm32l1xx_hal_uart.o(i.UART_WaitOnFlagUntilTimeout)
    i.USART1_IRQHandler                      0x08003ff4   Section        0  stm32l1xx_it.o(i.USART1_IRQHandler)
    i.USART3_IRQHandler                      0x08004004   Section        0  stm32l1xx_it.o(i.USART3_IRQHandler)
    i.USER_LCD_Change_Setup                  0x08004014   Section        0  user_lcd_object.o(i.USER_LCD_Change_Setup)
    i.USER_LCD_Display_Running               0x08004048   Section        0  user_lcd_object.o(i.USER_LCD_Display_Running)
    i.USER_LCD_Display_Running_OR_Setup      0x0800409c   Section        0  user_lcd_object.o(i.USER_LCD_Display_Running_OR_Setup)
    i.USER_LCD_Display_Setup                 0x080040c4   Section        0  user_lcd_object.o(i.USER_LCD_Display_Setup)
    i.USER_LCD_Display_Time                  0x08004118   Section        0  user_lcd_object.o(i.USER_LCD_Display_Time)
    i.UintTime_To_CharTime_HH_MM_SS          0x08004138   Section        0  user_lcd_object.o(i.UintTime_To_CharTime_HH_MM_SS)
    i.UintTime_To_CharTime_T1_T2_T3          0x08004168   Section        0  user_lcd_object.o(i.UintTime_To_CharTime_T1_T2_T3)
    i.UsageFault_Handler                     0x08004198   Section        0  stm32l1xx_it.o(i.UsageFault_Handler)
    i.Variable_To_Char                       0x0800419c   Section        0  user_lcd.o(i.Variable_To_Char)
    i.Variable_To_Char_Time                  0x080041da   Section        0  user_lcd.o(i.Variable_To_Char_Time)
    i.Wait_SMS_Receive                       0x08004208   Section        0  uart_sim.o(i.Wait_SMS_Receive)
    i.__ARM_fpclassify                       0x0800429c   Section        0  fpclassify.o(i.__ARM_fpclassify)
    i.__NVIC_GetPriorityGrouping             0x080042c4   Section        0  stm32l1xx_hal_cortex.o(i.__NVIC_GetPriorityGrouping)
    __NVIC_GetPriorityGrouping               0x080042c5   Thumb Code    10  stm32l1xx_hal_cortex.o(i.__NVIC_GetPriorityGrouping)
    i.__NVIC_SetPriority                     0x080042d4   Section        0  stm32l1xx_hal_cortex.o(i.__NVIC_SetPriority)
    __NVIC_SetPriority                       0x080042d5   Thumb Code    32  stm32l1xx_hal_cortex.o(i.__NVIC_SetPriority)
    i.__kernel_poly                          0x080042fc   Section        0  poly.o(i.__kernel_poly)
    i.__mathlib_dbl_divzero                  0x080043a8   Section        0  dunder.o(i.__mathlib_dbl_divzero)
    i.__mathlib_dbl_infnan2                  0x080043b8   Section        0  dunder.o(i.__mathlib_dbl_infnan2)
    i.__mathlib_dbl_invalid                  0x080043bc   Section        0  dunder.o(i.__mathlib_dbl_invalid)
    i.__mathlib_dbl_overflow                 0x080043c8   Section        0  dunder.o(i.__mathlib_dbl_overflow)
    i.__mathlib_dbl_underflow                0x080043d8   Section        0  dunder.o(i.__mathlib_dbl_underflow)
    i.__scatterload_copy                     0x080043e8   Section       14  handlers.o(i.__scatterload_copy)
    i.__scatterload_null                     0x080043f6   Section        2  handlers.o(i.__scatterload_null)
    i.__scatterload_zeroinit                 0x080043f8   Section       14  handlers.o(i.__scatterload_zeroinit)
    i.__set_errno                            0x08004408   Section        0  errno.o(i.__set_errno)
    i.main                                   0x08004414   Section        0  main.o(i.main)
    i.pow                                    0x08004568   Section        0  pow.o(i.pow)
    i.sqrt                                   0x08004f40   Section        0  sqrt.o(i.sqrt)
    .constdata                               0x08004f8c   Section       33  system_stm32l1xx.o(.constdata)
    .constdata                               0x08004fb0   Section      136  pow.o(.constdata)
    bp                                       0x08004fb0   Data          16  pow.o(.constdata)
    dp_h                                     0x08004fc0   Data          16  pow.o(.constdata)
    dp_l                                     0x08004fd0   Data          16  pow.o(.constdata)
    L                                        0x08004fe0   Data          48  pow.o(.constdata)
    P                                        0x08005010   Data          40  pow.o(.constdata)
    .constdata                               0x08005038   Section        8  qnan.o(.constdata)
    .conststring                             0x08005040   Section       77  user_lcd_object.o(.conststring)
    .data                                    0x20000000   Section       16  check_button.o(.data)
    .data                                    0x20000010   Section        2  uart_sim.o(.data)
    .data                                    0x20000014   Section       34  user_check_button.o(.data)
    .data                                    0x20000038   Section      164  user_lcd_object.o(.data)
    .data                                    0x200000dc   Section       32  main.o(.data)
    .data                                    0x200000fc   Section       12  stm32l1xx_hal.o(.data)
    .data                                    0x20000108   Section        4  system_stm32l1xx.o(.data)
    .data                                    0x2000010c   Section        4  errno.o(.data)
    _errno                                   0x2000010c   Data           4  errno.o(.data)
    .bss                                     0x20000110   Section       27  user_lcd_object.o(.bss)
    .bss                                     0x2000012c   Section    10292  main.o(.bss)
    .bss                                     0x20002960   Section       24  stm32l1xx_hal_flash.o(.bss)
    STACK                                    0x20002978   Section     1024  startup_stm32l151xc.o(STACK)

    Global Symbols

    Symbol Name                              Value     Ov Type        Size  Object(Section)

    BuildAttributes$$THM_ISAv4$P$D$K$B$S$PE$A:L22UL41UL21$X:L11$S22US41US21$IEEE1$IW$USESV6$~STKCKD$USESV7$~SHL$OTIME$ROPI$IEEEX$EBA8$MICROLIB$REQ8$PRES8$EABIv2 0x00000000   Number         0  anon$$obj.o ABSOLUTE
    __ARM_use_no_argv                        0x00000000   Number         0  main.o ABSOLUTE
    __cpp_initialize__aeabi_                  - Undefined Weak Reference
    __cxa_finalize                            - Undefined Weak Reference
    __decompress                              - Undefined Weak Reference
    _clock_init                               - Undefined Weak Reference
    _microlib_exit                            - Undefined Weak Reference
    __Vectors_Size                           0x00000124   Number         0  startup_stm32l151xc.o ABSOLUTE
    __Vectors                                0x08000000   Data           4  startup_stm32l151xc.o(RESET)
    __Vectors_End                            0x08000124   Data           0  startup_stm32l151xc.o(RESET)
    __main                                   0x08000125   Thumb Code     0  entry.o(.ARM.Collect$$$$00000000)
    _main_stk                                0x08000125   Thumb Code     0  entry2.o(.ARM.Collect$$$$00000001)
    _main_scatterload                        0x08000129   Thumb Code     0  entry5.o(.ARM.Collect$$$$00000004)
    __main_after_scatterload                 0x0800012d   Thumb Code     0  entry5.o(.ARM.Collect$$$$00000004)
    _main_clock                              0x0800012d   Thumb Code     0  entry7b.o(.ARM.Collect$$$$00000008)
    _main_cpp_init                           0x0800012d   Thumb Code     0  entry8b.o(.ARM.Collect$$$$0000000A)
    _main_init                               0x0800012d   Thumb Code     0  entry9a.o(.ARM.Collect$$$$0000000B)
    __rt_final_cpp                           0x08000135   Thumb Code     0  entry10a.o(.ARM.Collect$$$$0000000D)
    __rt_final_exit                          0x08000135   Thumb Code     0  entry11a.o(.ARM.Collect$$$$0000000F)
    Reset_Handler                            0x08000139   Thumb Code     8  startup_stm32l151xc.o(.text)
    ADC1_IRQHandler                          0x08000153   Thumb Code     0  startup_stm32l151xc.o(.text)
    COMP_ACQ_IRQHandler                      0x08000153   Thumb Code     0  startup_stm32l151xc.o(.text)
    COMP_IRQHandler                          0x08000153   Thumb Code     0  startup_stm32l151xc.o(.text)
    DAC_IRQHandler                           0x08000153   Thumb Code     0  startup_stm32l151xc.o(.text)
    DMA1_Channel1_IRQHandler                 0x08000153   Thumb Code     0  startup_stm32l151xc.o(.text)
    DMA1_Channel2_IRQHandler                 0x08000153   Thumb Code     0  startup_stm32l151xc.o(.text)
    DMA1_Channel3_IRQHandler                 0x08000153   Thumb Code     0  startup_stm32l151xc.o(.text)
    DMA1_Channel4_IRQHandler                 0x08000153   Thumb Code     0  startup_stm32l151xc.o(.text)
    DMA1_Channel5_IRQHandler                 0x08000153   Thumb Code     0  startup_stm32l151xc.o(.text)
    DMA1_Channel6_IRQHandler                 0x08000153   Thumb Code     0  startup_stm32l151xc.o(.text)
    DMA1_Channel7_IRQHandler                 0x08000153   Thumb Code     0  startup_stm32l151xc.o(.text)
    DMA2_Channel1_IRQHandler                 0x08000153   Thumb Code     0  startup_stm32l151xc.o(.text)
    DMA2_Channel2_IRQHandler                 0x08000153   Thumb Code     0  startup_stm32l151xc.o(.text)
    DMA2_Channel3_IRQHandler                 0x08000153   Thumb Code     0  startup_stm32l151xc.o(.text)
    DMA2_Channel4_IRQHandler                 0x08000153   Thumb Code     0  startup_stm32l151xc.o(.text)
    DMA2_Channel5_IRQHandler                 0x08000153   Thumb Code     0  startup_stm32l151xc.o(.text)
    EXTI0_IRQHandler                         0x08000153   Thumb Code     0  startup_stm32l151xc.o(.text)
    EXTI15_10_IRQHandler                     0x08000153   Thumb Code     0  startup_stm32l151xc.o(.text)
    EXTI1_IRQHandler                         0x08000153   Thumb Code     0  startup_stm32l151xc.o(.text)
    EXTI2_IRQHandler                         0x08000153   Thumb Code     0  startup_stm32l151xc.o(.text)
    EXTI3_IRQHandler                         0x08000153   Thumb Code     0  startup_stm32l151xc.o(.text)
    EXTI4_IRQHandler                         0x08000153   Thumb Code     0  startup_stm32l151xc.o(.text)
    EXTI9_5_IRQHandler                       0x08000153   Thumb Code     0  startup_stm32l151xc.o(.text)
    FLASH_IRQHandler                         0x08000153   Thumb Code     0  startup_stm32l151xc.o(.text)
    I2C1_ER_IRQHandler                       0x08000153   Thumb Code     0  startup_stm32l151xc.o(.text)
    I2C1_EV_IRQHandler                       0x08000153   Thumb Code     0  startup_stm32l151xc.o(.text)
    I2C2_ER_IRQHandler                       0x08000153   Thumb Code     0  startup_stm32l151xc.o(.text)
    I2C2_EV_IRQHandler                       0x08000153   Thumb Code     0  startup_stm32l151xc.o(.text)
    PVD_IRQHandler                           0x08000153   Thumb Code     0  startup_stm32l151xc.o(.text)
    RCC_IRQHandler                           0x08000153   Thumb Code     0  startup_stm32l151xc.o(.text)
    RTC_Alarm_IRQHandler                     0x08000153   Thumb Code     0  startup_stm32l151xc.o(.text)
    RTC_WKUP_IRQHandler                      0x08000153   Thumb Code     0  startup_stm32l151xc.o(.text)
    SPI1_IRQHandler                          0x08000153   Thumb Code     0  startup_stm32l151xc.o(.text)
    SPI2_IRQHandler                          0x08000153   Thumb Code     0  startup_stm32l151xc.o(.text)
    SPI3_IRQHandler                          0x08000153   Thumb Code     0  startup_stm32l151xc.o(.text)
    TAMPER_STAMP_IRQHandler                  0x08000153   Thumb Code     0  startup_stm32l151xc.o(.text)
    TIM10_IRQHandler                         0x08000153   Thumb Code     0  startup_stm32l151xc.o(.text)
    TIM11_IRQHandler                         0x08000153   Thumb Code     0  startup_stm32l151xc.o(.text)
    TIM3_IRQHandler                          0x08000153   Thumb Code     0  startup_stm32l151xc.o(.text)
    TIM4_IRQHandler                          0x08000153   Thumb Code     0  startup_stm32l151xc.o(.text)
    TIM5_IRQHandler                          0x08000153   Thumb Code     0  startup_stm32l151xc.o(.text)
    TIM6_IRQHandler                          0x08000153   Thumb Code     0  startup_stm32l151xc.o(.text)
    TIM7_IRQHandler                          0x08000153   Thumb Code     0  startup_stm32l151xc.o(.text)
    TIM9_IRQHandler                          0x08000153   Thumb Code     0  startup_stm32l151xc.o(.text)
    USART2_IRQHandler                        0x08000153   Thumb Code     0  startup_stm32l151xc.o(.text)
    USB_FS_WKUP_IRQHandler                   0x08000153   Thumb Code     0  startup_stm32l151xc.o(.text)
    USB_HP_IRQHandler                        0x08000153   Thumb Code     0  startup_stm32l151xc.o(.text)
    USB_LP_IRQHandler                        0x08000153   Thumb Code     0  startup_stm32l151xc.o(.text)
    WWDG_IRQHandler                          0x08000153   Thumb Code     0  startup_stm32l151xc.o(.text)
    __aeabi_memcpy                           0x0800015d   Thumb Code    36  memcpya.o(.text)
    __aeabi_memcpy4                          0x0800015d   Thumb Code     0  memcpya.o(.text)
    __aeabi_memcpy8                          0x0800015d   Thumb Code     0  memcpya.o(.text)
    __aeabi_memset                           0x08000181   Thumb Code    14  memseta.o(.text)
    __aeabi_memset4                          0x08000181   Thumb Code     0  memseta.o(.text)
    __aeabi_memset8                          0x08000181   Thumb Code     0  memseta.o(.text)
    __aeabi_memclr                           0x0800018f   Thumb Code     4  memseta.o(.text)
    __aeabi_memclr4                          0x0800018f   Thumb Code     0  memseta.o(.text)
    __aeabi_memclr8                          0x0800018f   Thumb Code     0  memseta.o(.text)
    _memset$wrapper                          0x08000193   Thumb Code    18  memseta.o(.text)
    strstr                                   0x080001a5   Thumb Code    36  strstr.o(.text)
    strlen                                   0x080001c9   Thumb Code    14  strlen.o(.text)
    __aeabi_fdiv                             0x080001d7   Thumb Code   124  fdiv.o(.text)
    __aeabi_dadd                             0x08000253   Thumb Code   322  dadd.o(.text)
    __aeabi_dsub                             0x08000395   Thumb Code     6  dadd.o(.text)
    __aeabi_drsub                            0x0800039b   Thumb Code     6  dadd.o(.text)
    __aeabi_dmul                             0x080003a1   Thumb Code   228  dmul.o(.text)
    __aeabi_ui2f                             0x08000485   Thumb Code    10  ffltui.o(.text)
    __aeabi_i2d                              0x0800048f   Thumb Code    34  dflti.o(.text)
    __aeabi_ui2d                             0x080004b1   Thumb Code    26  dfltui.o(.text)
    __aeabi_f2uiz                            0x080004cb   Thumb Code    40  ffixui.o(.text)
    __aeabi_d2uiz                            0x080004f3   Thumb Code    50  dfixui.o(.text)
    __aeabi_llsl                             0x08000525   Thumb Code    30  llshl.o(.text)
    _ll_shift_l                              0x08000525   Thumb Code     0  llshl.o(.text)
    __aeabi_llsr                             0x08000543   Thumb Code    32  llushr.o(.text)
    _ll_ushift_r                             0x08000543   Thumb Code     0  llushr.o(.text)
    __aeabi_lasr                             0x08000563   Thumb Code    36  llsshr.o(.text)
    _ll_sshift_r                             0x08000563   Thumb Code     0  llsshr.o(.text)
    __I$use$fp                               0x08000587   Thumb Code     0  iusefp.o(.text)
    _float_round                             0x08000587   Thumb Code    18  fepilogue.o(.text)
    _float_epilogue                          0x08000599   Thumb Code    92  fepilogue.o(.text)
    _double_round                            0x080005f5   Thumb Code    30  depilogue.o(.text)
    _double_epilogue                         0x08000613   Thumb Code   156  depilogue.o(.text)
    __aeabi_ddiv                             0x080006af   Thumb Code   222  ddiv.o(.text)
    __ARM_scalbn                             0x0800078d   Thumb Code    46  dscalb.o(.text)
    scalbn                                   0x0800078d   Thumb Code     0  dscalb.o(.text)
    __aeabi_cdrcmple                         0x080007bd   Thumb Code    48  cdrcmple.o(.text)
    __scatterload                            0x080007ed   Thumb Code    28  init.o(.text)
    __scatterload_rt2                        0x080007ed   Thumb Code     0  init.o(.text)
    _dsqrt                                   0x08000811   Thumb Code   162  dsqrt.o(.text)
    BT_Check_Up_Down                         0x080008b5   Thumb Code    80  user_check_button.o(i.BT_Check_Up_Down)
    BT_Esc_Exit_Setup                        0x08000921   Thumb Code    66  user_check_button.o(i.BT_Esc_Exit_Setup)
    BT_Press_Click_Down                      0x08000975   Thumb Code    22  check_button.o(i.BT_Press_Click_Down)
    BT_Press_Click_Up                        0x0800098d   Thumb Code    26  check_button.o(i.BT_Press_Click_Up)
    BT_Press_Hold_Down                       0x080009ad   Thumb Code    68  check_button.o(i.BT_Press_Hold_Down)
    BT_Press_Hold_Esc                        0x080009fd   Thumb Code    96  check_button.o(i.BT_Press_Hold_Esc)
    BT_Press_Hold_Up                         0x08000a65   Thumb Code    64  check_button.o(i.BT_Press_Hold_Up)
    BusFault_Handler                         0x08000ab1   Thumb Code     4  stm32l1xx_it.o(i.BusFault_Handler)
    CLCD_4BIT_Init                           0x08000ab5   Thumb Code   228  clcd.o(i.CLCD_4BIT_Init)
    CLCD_SetCursor                           0x08000ba5   Thumb Code    86  clcd.o(i.CLCD_SetCursor)
    CLCD_WriteChar                           0x08000db7   Thumb Code    40  clcd.o(i.CLCD_WriteChar)
    CLCD_WriteString                         0x08000ddf   Thumb Code    26  clcd.o(i.CLCD_WriteString)
    Char_To_Uint                             0x08000df9   Thumb Code   126  user_sim.o(i.Char_To_Uint)
    Check_BT_Callback                        0x08000e81   Thumb Code    50  main.o(i.Check_BT_Callback)
    Check_BT_DOWN                            0x08000ecd   Thumb Code    48  user_check_button.o(i.Check_BT_DOWN)
    Check_BT_ENTER                           0x08000f05   Thumb Code   158  user_check_button.o(i.Check_BT_ENTER)
    Check_BT_ESC                             0x08000fc9   Thumb Code   122  user_check_button.o(i.Check_BT_ESC)
    Check_BT_UP                              0x08001061   Thumb Code    48  user_check_button.o(i.Check_BT_UP)
    Check_Rx_Complete                        0x08001099   Thumb Code    30  uart_sim.o(i.Check_Rx_Complete)
    Check_SMS_Receive                        0x080010b9   Thumb Code   206  main.o(i.Check_SMS_Receive)
    Check_Status_Config_Sim                  0x080011d1   Thumb Code    92  uart_sim.o(i.Check_Status_Config_Sim)
    Check_Test                               0x08001235   Thumb Code   120  main.o(i.Check_Test)
    Config_SMS_Receive                       0x080012c5   Thumb Code    60  uart_sim.o(i.Config_SMS_Receive)
    Config_Uart_Sim                          0x0800131d   Thumb Code   314  uart_sim.o(i.Config_Uart_Sim)
    DebugMon_Handler                         0x0800149d   Thumb Code     2  stm32l1xx_it.o(i.DebugMon_Handler)
    Delete_Buffer                            0x0800149f   Thumb Code    40  uart_sim.o(i.Delete_Buffer)
    Display_Time                             0x080014c9   Thumb Code    52  main.o(i.Display_Time)
    Display_Uart1                            0x0800150d   Thumb Code    48  uart_sim.o(i.Display_Uart1)
    Error_Handler                            0x08001541   Thumb Code     2  main.o(i.Error_Handler)
    FLASH_PageErase                          0x08001545   Thumb Code    38  stm32l1xx_hal_flash_ex.o(i.FLASH_PageErase)
    FLASH_ReadData32                         0x08001575   Thumb Code     6  user_check_button.o(i.FLASH_ReadData32)
    FLASH_WaitForLastOperation               0x08001625   Thumb Code   142  stm32l1xx_hal_flash.o(i.FLASH_WaitForLastOperation)
    FLASH_WritePage                          0x080016b9   Thumb Code    96  user_check_button.o(i.FLASH_WritePage)
    GET_SYSTICK_MS                           0x08001719   Thumb Code    32  check_button.o(i.GET_SYSTICK_MS)
    HAL_DMA_Abort_IT                         0x08001741   Thumb Code    92  stm32l1xx_hal_dma.o(i.HAL_DMA_Abort_IT)
    HAL_Delay                                0x0800179d   Thumb Code    36  stm32l1xx_hal.o(i.HAL_Delay)
    HAL_FLASHEx_Erase                        0x080017c5   Thumb Code   134  stm32l1xx_hal_flash_ex.o(i.HAL_FLASHEx_Erase)
    HAL_FLASH_Lock                           0x08001855   Thumb Code    16  stm32l1xx_hal_flash.o(i.HAL_FLASH_Lock)
    HAL_FLASH_Program                        0x08001869   Thumb Code    80  stm32l1xx_hal_flash.o(i.HAL_FLASH_Program)
    HAL_FLASH_Unlock                         0x080018bd   Thumb Code    80  stm32l1xx_hal_flash.o(i.HAL_FLASH_Unlock)
    HAL_GPIO_Init                            0x08001921   Thumb Code   430  stm32l1xx_hal_gpio.o(i.HAL_GPIO_Init)
    HAL_GPIO_ReadPin                         0x08001af1   Thumb Code    16  stm32l1xx_hal_gpio.o(i.HAL_GPIO_ReadPin)
    HAL_GPIO_WritePin                        0x08001b01   Thumb Code    12  stm32l1xx_hal_gpio.o(i.HAL_GPIO_WritePin)
    HAL_GetTick                              0x08001b0d   Thumb Code     6  stm32l1xx_hal.o(i.HAL_GetTick)
    HAL_IncTick                              0x08001b19   Thumb Code    16  stm32l1xx_hal.o(i.HAL_IncTick)
    HAL_Init                                 0x08001b31   Thumb Code    30  stm32l1xx_hal.o(i.HAL_Init)
    HAL_InitTick                             0x08001b51   Thumb Code    74  stm32l1xx_hal.o(i.HAL_InitTick)
    HAL_MspInit                              0x08001ba9   Thumb Code    88  stm32l1xx_hal_msp.o(i.HAL_MspInit)
    HAL_NVIC_EnableIRQ                       0x08001c05   Thumb Code    32  stm32l1xx_hal_cortex.o(i.HAL_NVIC_EnableIRQ)
    HAL_NVIC_SetPriority                     0x08001c25   Thumb Code   124  stm32l1xx_hal_cortex.o(i.HAL_NVIC_SetPriority)
    HAL_NVIC_SetPriorityGrouping             0x08001ca1   Thumb Code    32  stm32l1xx_hal_cortex.o(i.HAL_NVIC_SetPriorityGrouping)
    HAL_RCC_ClockConfig                      0x08001cc9   Thumb Code   522  stm32l1xx_hal_rcc.o(i.HAL_RCC_ClockConfig)
    HAL_RCC_GetHCLKFreq                      0x08001ee9   Thumb Code     6  stm32l1xx_hal_rcc.o(i.HAL_RCC_GetHCLKFreq)
    HAL_RCC_GetPCLK1Freq                     0x08001ef5   Thumb Code    22  stm32l1xx_hal_rcc.o(i.HAL_RCC_GetPCLK1Freq)
    HAL_RCC_GetPCLK2Freq                     0x08001f15   Thumb Code    22  stm32l1xx_hal_rcc.o(i.HAL_RCC_GetPCLK2Freq)
    HAL_RCC_GetSysClockFreq                  0x08001f35   Thumb Code   106  stm32l1xx_hal_rcc.o(i.HAL_RCC_GetSysClockFreq)
    HAL_RCC_OscConfig                        0x08001fb1   Thumb Code  1480  stm32l1xx_hal_rcc.o(i.HAL_RCC_OscConfig)
    HAL_SYSTICK_Callback                     0x08002581   Thumb Code    84  check_button.o(i.HAL_SYSTICK_Callback)
    HAL_SYSTICK_Config                       0x080025ed   Thumb Code    52  stm32l1xx_hal_cortex.o(i.HAL_SYSTICK_Config)
    HAL_SYSTICK_IRQHandler                   0x08002621   Thumb Code     8  stm32l1xx_hal_cortex.o(i.HAL_SYSTICK_IRQHandler)
    HAL_TIMEx_MasterConfigSynchronization    0x08002629   Thumb Code    84  stm32l1xx_hal_tim_ex.o(i.HAL_TIMEx_MasterConfigSynchronization)
    HAL_TIM_Base_Init                        0x0800267d   Thumb Code    52  stm32l1xx_hal_tim.o(i.HAL_TIM_Base_Init)
    HAL_TIM_Base_MspInit                     0x080026b1   Thumb Code    58  stm32l1xx_hal_msp.o(i.HAL_TIM_Base_MspInit)
    HAL_TIM_Base_Start_IT                    0x080026f1   Thumb Code    42  stm32l1xx_hal_tim.o(i.HAL_TIM_Base_Start_IT)
    HAL_TIM_ConfigClockSource                0x0800271b   Thumb Code   264  stm32l1xx_hal_tim.o(i.HAL_TIM_ConfigClockSource)
    HAL_TIM_IC_CaptureCallback               0x08002823   Thumb Code     2  stm32l1xx_hal_tim.o(i.HAL_TIM_IC_CaptureCallback)
    HAL_TIM_IRQHandler                       0x08002825   Thumb Code   338  stm32l1xx_hal_tim.o(i.HAL_TIM_IRQHandler)
    HAL_TIM_OC_DelayElapsedCallback          0x08002977   Thumb Code     2  stm32l1xx_hal_tim.o(i.HAL_TIM_OC_DelayElapsedCallback)
    HAL_TIM_PWM_PulseFinishedCallback        0x08002979   Thumb Code     2  stm32l1xx_hal_tim.o(i.HAL_TIM_PWM_PulseFinishedCallback)
    HAL_TIM_PeriodElapsedCallback            0x0800297d   Thumb Code    12  main.o(i.HAL_TIM_PeriodElapsedCallback)
    HAL_TIM_TriggerCallback                  0x0800298d   Thumb Code     2  stm32l1xx_hal_tim.o(i.HAL_TIM_TriggerCallback)
    HAL_UART_ErrorCallback                   0x0800298f   Thumb Code     2  stm32l1xx_hal_uart.o(i.HAL_UART_ErrorCallback)
    HAL_UART_IRQHandler                      0x08002991   Thumb Code   328  stm32l1xx_hal_uart.o(i.HAL_UART_IRQHandler)
    HAL_UART_Init                            0x08002add   Thumb Code   114  stm32l1xx_hal_uart.o(i.HAL_UART_Init)
    HAL_UART_MspInit                         0x08002b51   Thumb Code   246  stm32l1xx_hal_msp.o(i.HAL_UART_MspInit)
    HAL_UART_Receive_IT                      0x08002c5d   Thumb Code   112  stm32l1xx_hal_uart.o(i.HAL_UART_Receive_IT)
    HAL_UART_RxCpltCallback                  0x08002ccd   Thumb Code    86  main.o(i.HAL_UART_RxCpltCallback)
    HAL_UART_Transmit                        0x08002d35   Thumb Code   214  stm32l1xx_hal_uart.o(i.HAL_UART_Transmit)
    HAL_UART_TxCpltCallback                  0x08002e0b   Thumb Code     2  stm32l1xx_hal_uart.o(i.HAL_UART_TxCpltCallback)
    HardFault_Handler                        0x08002e0d   Thumb Code     4  stm32l1xx_it.o(i.HardFault_Handler)
    LCD_Change_State_Setup_T1_T2_T3          0x08002e11   Thumb Code    58  user_lcd_object.o(i.LCD_Change_State_Setup_T1_T2_T3)
    LCD_Change_State_Time_HH_MM_SS           0x08002e65   Thumb Code    94  user_lcd_object.o(i.LCD_Change_State_Time_HH_MM_SS)
    LCD_Display_Esc                          0x08002edd   Thumb Code    84  lcd_object.o(i.LCD_Display_Esc)
    LCD_Display_Running_OR_Setup             0x08002f31   Thumb Code    32  lcd_object.o(i.LCD_Display_Running_OR_Setup)
    LCD_Display_Time                         0x08002f51   Thumb Code    70  lcd_object.o(i.LCD_Display_Time)
    LCD_Display_Time1_Time2_Time3            0x08002f97   Thumb Code    84  lcd_object.o(i.LCD_Display_Time1_Time2_Time3)
    LCD_Send_Data                            0x08002feb   Thumb Code    26  lcd_object.o(i.LCD_Send_Data)
    MemManage_Handler                        0x08003205   Thumb Code     4  stm32l1xx_it.o(i.MemManage_Handler)
    NMI_Handler                              0x08003209   Thumb Code     2  stm32l1xx_it.o(i.NMI_Handler)
    PendSV_Handler                           0x0800320b   Thumb Code     2  stm32l1xx_it.o(i.PendSV_Handler)
    Read_Flash                               0x080032b5   Thumb Code    58  main.o(i.Read_Flash)
    Receive_SMS_Setup                        0x08003305   Thumb Code   240  user_sim.o(i.Receive_SMS_Setup)
    Reset_Relay_Led                          0x080033f5   Thumb Code    50  relay_led.o(i.Reset_Relay_Led)
    Run_Begin                                0x08003429   Thumb Code    70  user_check_button.o(i.Run_Begin)
    Run_Feed_Shrimp                          0x08003481   Thumb Code   244  main.o(i.Run_Feed_Shrimp)
    SVC_Handler                              0x08003591   Thumb Code     2  stm32l1xx_it.o(i.SVC_Handler)
    Set_Relay_Led                            0x08003593   Thumb Code    50  relay_led.o(i.Set_Relay_Led)
    Set_Time                                 0x080035c5   Thumb Code   106  main.o(i.Set_Time)
    Setup_On_Off_Sim                         0x08003639   Thumb Code   110  uart_sim.o(i.Setup_On_Off_Sim)
    Setup_SIM                                0x080036b1   Thumb Code   150  main.o(i.Setup_SIM)
    Sim_SendCommand                          0x08003781   Thumb Code   366  uart_sim.o(i.Sim_SendCommand)
    SysTick_Handler                          0x080038ef   Thumb Code    12  stm32l1xx_it.o(i.SysTick_Handler)
    SystemClock_Config                       0x080038fd   Thumb Code    98  main.o(i.SystemClock_Config)
    SystemInit                               0x08003965   Thumb Code    82  system_stm32l1xx.o(i.SystemInit)
    TIM2_IRQHandler                          0x080039c9   Thumb Code    10  stm32l1xx_it.o(i.TIM2_IRQHandler)
    Transmit_Data_Uart3                      0x08003ae1   Thumb Code    48  uart_sim.o(i.Transmit_Data_Uart3)
    USART1_IRQHandler                        0x08003ff5   Thumb Code    10  stm32l1xx_it.o(i.USART1_IRQHandler)
    USART3_IRQHandler                        0x08004005   Thumb Code    10  stm32l1xx_it.o(i.USART3_IRQHandler)
    USER_LCD_Change_Setup                    0x08004015   Thumb Code    28  user_lcd_object.o(i.USER_LCD_Change_Setup)
    USER_LCD_Display_Running                 0x08004049   Thumb Code    50  user_lcd_object.o(i.USER_LCD_Display_Running)
    USER_LCD_Display_Running_OR_Setup        0x0800409d   Thumb Code    32  user_lcd_object.o(i.USER_LCD_Display_Running_OR_Setup)
    USER_LCD_Display_Setup                   0x080040c5   Thumb Code    50  user_lcd_object.o(i.USER_LCD_Display_Setup)
    USER_LCD_Display_Time                    0x08004119   Thumb Code    18  user_lcd_object.o(i.USER_LCD_Display_Time)
    UintTime_To_CharTime_HH_MM_SS            0x08004139   Thumb Code    34  user_lcd_object.o(i.UintTime_To_CharTime_HH_MM_SS)
    UintTime_To_CharTime_T1_T2_T3            0x08004169   Thumb Code    34  user_lcd_object.o(i.UintTime_To_CharTime_T1_T2_T3)
    UsageFault_Handler                       0x08004199   Thumb Code     4  stm32l1xx_it.o(i.UsageFault_Handler)
    Variable_To_Char                         0x0800419d   Thumb Code    62  user_lcd.o(i.Variable_To_Char)
    Variable_To_Char_Time                    0x080041db   Thumb Code    46  user_lcd.o(i.Variable_To_Char_Time)
    Wait_SMS_Receive                         0x08004209   Thumb Code   148  uart_sim.o(i.Wait_SMS_Receive)
    __ARM_fpclassify                         0x0800429d   Thumb Code    40  fpclassify.o(i.__ARM_fpclassify)
    __kernel_poly                            0x080042fd   Thumb Code   170  poly.o(i.__kernel_poly)
    __mathlib_dbl_divzero                    0x080043a9   Thumb Code    12  dunder.o(i.__mathlib_dbl_divzero)
    __mathlib_dbl_infnan2                    0x080043b9   Thumb Code     4  dunder.o(i.__mathlib_dbl_infnan2)
    __mathlib_dbl_invalid                    0x080043bd   Thumb Code    12  dunder.o(i.__mathlib_dbl_invalid)
    __mathlib_dbl_overflow                   0x080043c9   Thumb Code    14  dunder.o(i.__mathlib_dbl_overflow)
    __mathlib_dbl_underflow                  0x080043d9   Thumb Code    10  dunder.o(i.__mathlib_dbl_underflow)
    __scatterload_copy                       0x080043e9   Thumb Code    14  handlers.o(i.__scatterload_copy)
    __scatterload_null                       0x080043f7   Thumb Code     2  handlers.o(i.__scatterload_null)
    __scatterload_zeroinit                   0x080043f9   Thumb Code    14  handlers.o(i.__scatterload_zeroinit)
    __set_errno                              0x08004409   Thumb Code     6  errno.o(i.__set_errno)
    main                                     0x08004415   Thumb Code   268  main.o(i.main)
    pow                                      0x08004569   Thumb Code  2512  pow.o(i.pow)
    sqrt                                     0x08004f41   Thumb Code    76  sqrt.o(i.sqrt)
    PLLMulTable                              0x08004f8c   Data           9  system_stm32l1xx.o(.constdata)
    AHBPrescTable                            0x08004f95   Data          16  system_stm32l1xx.o(.constdata)
    APBPrescTable                            0x08004fa5   Data           8  system_stm32l1xx.o(.constdata)
    __mathlib_zero                           0x08005038   Data           8  qnan.o(.constdata)
    Region$$Table$$Base                      0x08005090   Number         0  anon$$obj.o(Region$$Table)
    Region$$Table$$Limit                     0x080050b0   Number         0  anon$$obj.o(Region$$Table)
    check_BT_run_up                          0x20000000   Data           2  check_button.o(.data)
    check_BT_run_down                        0x20000002   Data           2  check_button.o(.data)
    check_BT_run_esc                         0x20000004   Data           2  check_button.o(.data)
    run_BT_time                              0x20000006   Data           2  check_button.o(.data)
    run_BT_begin                             0x20000008   Data           2  check_button.o(.data)
    run_BT_Esc_time                          0x2000000a   Data           2  check_button.o(.data)
    SYSTICK_count_ms                         0x2000000c   Data           4  check_button.o(.data)
    check10Times                             0x20000010   Data           1  uart_sim.o(.data)
    count10Times                             0x20000011   Data           1  uart_sim.o(.data)
    BT_enter                                 0x20000014   Data           2  user_check_button.o(.data)
    BT_esc                                   0x20000016   Data           2  user_check_button.o(.data)
    BT_up                                    0x20000018   Data           2  user_check_button.o(.data)
    BT_down                                  0x2000001a   Data           2  user_check_button.o(.data)
    stampTime1                               0x2000001c   Data           4  user_check_button.o(.data)
    stampTime2                               0x20000020   Data           4  user_check_button.o(.data)
    stampTime3                               0x20000024   Data           4  user_check_button.o(.data)
    ptrStamp                                 0x20000028   Data           4  user_check_button.o(.data)
    startpage                                0x2000002c   Data           4  user_check_button.o(.data)
    load_flash                               0x20000030   Data           4  user_check_button.o(.data)
    check_hold_esc                           0x20000034   Data           2  user_check_button.o(.data)
    check_time1                              0x20000038   Data           4  user_lcd_object.o(.data)
    check_time2                              0x2000003c   Data           4  user_lcd_object.o(.data)
    check_time3                              0x20000040   Data           4  user_lcd_object.o(.data)
    check_SS                                 0x20000044   Data           4  user_lcd_object.o(.data)
    check_MM                                 0x20000048   Data           2  user_lcd_object.o(.data)
    check_HH                                 0x2000004a   Data           2  user_lcd_object.o(.data)
    HH                                       0x2000004c   Data           3  user_lcd_object.o(.data)
    MM                                       0x2000004f   Data           3  user_lcd_object.o(.data)
    SS                                       0x20000052   Data           3  user_lcd_object.o(.data)
    LCD_Running                              0x20000058   Data          12  user_lcd_object.o(.data)
    LCD_Setup                                0x20000064   Data          12  user_lcd_object.o(.data)
    LCD_SetupT1                              0x20000070   Data          12  user_lcd_object.o(.data)
    LCD_SetupT2                              0x2000007c   Data          12  user_lcd_object.o(.data)
    LCD_SetupT3                              0x20000088   Data          12  user_lcd_object.o(.data)
    LCD_Time_HH                              0x20000094   Data          12  user_lcd_object.o(.data)
    LCD_Time_MM                              0x200000a0   Data          12  user_lcd_object.o(.data)
    LCD_Time_SS                              0x200000ac   Data          12  user_lcd_object.o(.data)
    LCD_Time1                                0x200000b8   Data          12  user_lcd_object.o(.data)
    LCD_Time2                                0x200000c4   Data          12  user_lcd_object.o(.data)
    LCD_Time3                                0x200000d0   Data          12  user_lcd_object.o(.data)
    runTime                                  0x200000dc   Data           4  main.o(.data)
    time1                                    0x200000e0   Data           4  main.o(.data)
    time2                                    0x200000e4   Data           4  main.o(.data)
    time3                                    0x200000e8   Data           4  main.o(.data)
    State                                    0x200000ec   Data           2  main.o(.data)
    checkState                               0x200000ee   Data           2  main.o(.data)
    countState                               0x200000f0   Data           2  main.o(.data)
    setupCount                               0x200000f2   Data           2  main.o(.data)
    check_Power_OFF                          0x200000f4   Data           2  main.o(.data)
    hh                                       0x200000f6   Data           2  main.o(.data)
    mm                                       0x200000f8   Data           2  main.o(.data)
    ss                                       0x200000fa   Data           2  main.o(.data)
    uwTick                                   0x200000fc   Data           4  stm32l1xx_hal.o(.data)
    uwTickPrio                               0x20000100   Data           4  stm32l1xx_hal.o(.data)
    uwTickFreq                               0x20000104   Data           4  stm32l1xx_hal.o(.data)
    SystemCoreClock                          0x20000108   Data           4  system_stm32l1xx.o(.data)
    stamp_time1                              0x20000110   Data           9  user_lcd_object.o(.bss)
    stamp_time2                              0x20000119   Data           9  user_lcd_object.o(.bss)
    stamp_time3                              0x20000122   Data           9  user_lcd_object.o(.bss)
    htim2                                    0x2000012c   Data          60  main.o(.bss)
    huart1                                   0x20000168   Data          64  main.o(.bss)
    huart3                                   0x200001a8   Data          64  main.o(.bss)
    LCD                                      0x200001e8   Data          88  main.o(.bss)
    rx_uart3                                 0x20000240   Data        5008  main.o(.bss)
    rx_uart1                                 0x200015d0   Data        5008  main.o(.bss)
    pFlash                                   0x20002960   Data          24  stm32l1xx_hal_flash.o(.bss)
    __initial_sp                             0x20002d78   Data           0  startup_stm32l151xc.o(STACK)



==============================================================================

Memory Map of the image

  Image Entry point : 0x08000125

  Load Region LR_IROM1 (Base: 0x08000000, Size: 0x000051c0, Max: 0x00040000, ABSOLUTE)

    Execution Region ER_IROM1 (Exec base: 0x08000000, Load base: 0x08000000, Size: 0x000050b0, Max: 0x00040000, ABSOLUTE)

    Exec Addr    Load Addr    Size         Type   Attr      Idx    E Section Name        Object

    0x08000000   0x08000000   0x00000124   Data   RO            3    RESET               startup_stm32l151xc.o
    0x08000124   0x08000124   0x00000000   Code   RO         3294  * .ARM.Collect$$$$00000000  mc_w.l(entry.o)
    0x08000124   0x08000124   0x00000004   Code   RO         3350    .ARM.Collect$$$$00000001  mc_w.l(entry2.o)
    0x08000128   0x08000128   0x00000004   Code   RO         3353    .ARM.Collect$$$$00000004  mc_w.l(entry5.o)
    0x0800012c   0x0800012c   0x00000000   Code   RO         3355    .ARM.Collect$$$$00000008  mc_w.l(entry7b.o)
    0x0800012c   0x0800012c   0x00000000   Code   RO         3357    .ARM.Collect$$$$0000000A  mc_w.l(entry8b.o)
    0x0800012c   0x0800012c   0x00000008   Code   RO         3358    .ARM.Collect$$$$0000000B  mc_w.l(entry9a.o)
    0x08000134   0x08000134   0x00000000   Code   RO         3360    .ARM.Collect$$$$0000000D  mc_w.l(entry10a.o)
    0x08000134   0x08000134   0x00000000   Code   RO         3362    .ARM.Collect$$$$0000000F  mc_w.l(entry11a.o)
    0x08000134   0x08000134   0x00000004   Code   RO         3351    .ARM.Collect$$$$00002712  mc_w.l(entry2.o)
    0x08000138   0x08000138   0x00000024   Code   RO            4    .text               startup_stm32l151xc.o
    0x0800015c   0x0800015c   0x00000024   Code   RO         3297    .text               mc_w.l(memcpya.o)
    0x08000180   0x08000180   0x00000024   Code   RO         3299    .text               mc_w.l(memseta.o)
    0x080001a4   0x080001a4   0x00000024   Code   RO         3301    .text               mc_w.l(strstr.o)
    0x080001c8   0x080001c8   0x0000000e   Code   RO         3303    .text               mc_w.l(strlen.o)
    0x080001d6   0x080001d6   0x0000007c   Code   RO         3307    .text               mf_w.l(fdiv.o)
    0x08000252   0x08000252   0x0000014e   Code   RO         3309    .text               mf_w.l(dadd.o)
    0x080003a0   0x080003a0   0x000000e4   Code   RO         3311    .text               mf_w.l(dmul.o)
    0x08000484   0x08000484   0x0000000a   Code   RO         3313    .text               mf_w.l(ffltui.o)
    0x0800048e   0x0800048e   0x00000022   Code   RO         3315    .text               mf_w.l(dflti.o)
    0x080004b0   0x080004b0   0x0000001a   Code   RO         3317    .text               mf_w.l(dfltui.o)
    0x080004ca   0x080004ca   0x00000028   Code   RO         3319    .text               mf_w.l(ffixui.o)
    0x080004f2   0x080004f2   0x00000032   Code   RO         3321    .text               mf_w.l(dfixui.o)
    0x08000524   0x08000524   0x0000001e   Code   RO         3364    .text               mc_w.l(llshl.o)
    0x08000542   0x08000542   0x00000020   Code   RO         3366    .text               mc_w.l(llushr.o)
    0x08000562   0x08000562   0x00000024   Code   RO         3368    .text               mc_w.l(llsshr.o)
    0x08000586   0x08000586   0x00000000   Code   RO         3377    .text               mc_w.l(iusefp.o)
    0x08000586   0x08000586   0x0000006e   Code   RO         3378    .text               mf_w.l(fepilogue.o)
    0x080005f4   0x080005f4   0x000000ba   Code   RO         3380    .text               mf_w.l(depilogue.o)
    0x080006ae   0x080006ae   0x000000de   Code   RO         3382    .text               mf_w.l(ddiv.o)
    0x0800078c   0x0800078c   0x0000002e   Code   RO         3384    .text               mf_w.l(dscalb.o)
    0x080007ba   0x080007ba   0x00000002   PAD
    0x080007bc   0x080007bc   0x00000030   Code   RO         3386    .text               mf_w.l(cdrcmple.o)
    0x080007ec   0x080007ec   0x00000024   Code   RO         3388    .text               mc_w.l(init.o)
    0x08000810   0x08000810   0x000000a2   Code   RO         3390    .text               mf_w.l(dsqrt.o)
    0x080008b2   0x080008b2   0x00000002   PAD
    0x080008b4   0x080008b4   0x0000006c   Code   RO          550    i.BT_Check_Up_Down  user_check_button.o
    0x08000920   0x08000920   0x00000054   Code   RO          551    i.BT_Esc_Exit_Setup  user_check_button.o
    0x08000974   0x08000974   0x00000016   Code   RO           13    i.BT_Press_Click_Down  check_button.o
    0x0800098a   0x0800098a   0x00000002   PAD
    0x0800098c   0x0800098c   0x00000020   Code   RO           14    i.BT_Press_Click_Up  check_button.o
    0x080009ac   0x080009ac   0x00000050   Code   RO           15    i.BT_Press_Hold_Down  check_button.o
    0x080009fc   0x080009fc   0x00000068   Code   RO           16    i.BT_Press_Hold_Esc  check_button.o
    0x08000a64   0x08000a64   0x0000004c   Code   RO           17    i.BT_Press_Hold_Up  check_button.o
    0x08000ab0   0x08000ab0   0x00000004   Code   RO          851    i.BusFault_Handler  stm32l1xx_it.o
    0x08000ab4   0x08000ab4   0x000000e4   Code   RO          171    i.CLCD_4BIT_Init    clcd.o
    0x08000b98   0x08000b98   0x0000000c   Code   RO          178    i.CLCD_Delay        clcd.o
    0x08000ba4   0x08000ba4   0x0000005c   Code   RO          180    i.CLCD_SetCursor    clcd.o
    0x08000c00   0x08000c00   0x000000fc   Code   RO          181    i.CLCD_Write4       clcd.o
    0x08000cfc   0x08000cfc   0x000000ba   Code   RO          182    i.CLCD_Write8       clcd.o
    0x08000db6   0x08000db6   0x00000028   Code   RO          183    i.CLCD_WriteChar    clcd.o
    0x08000dde   0x08000dde   0x0000001a   Code   RO          184    i.CLCD_WriteString  clcd.o
    0x08000df8   0x08000df8   0x00000088   Code   RO          990    i.Char_To_Uint      user_sim.o
    0x08000e80   0x08000e80   0x0000004c   Code   RO          708    i.Check_BT_Callback  main.o
    0x08000ecc   0x08000ecc   0x00000038   Code   RO          552    i.Check_BT_DOWN     user_check_button.o
    0x08000f04   0x08000f04   0x000000c4   Code   RO          553    i.Check_BT_ENTER    user_check_button.o
    0x08000fc8   0x08000fc8   0x00000098   Code   RO          554    i.Check_BT_ESC      user_check_button.o
    0x08001060   0x08001060   0x00000038   Code   RO          555    i.Check_BT_UP       user_check_button.o
    0x08001098   0x08001098   0x0000001e   Code   RO          448    i.Check_Rx_Complete  uart_sim.o
    0x080010b6   0x080010b6   0x00000002   PAD
    0x080010b8   0x080010b8   0x00000118   Code   RO          709    i.Check_SMS_Receive  main.o
    0x080011d0   0x080011d0   0x00000064   Code   RO          449    i.Check_Status_Config_Sim  uart_sim.o
    0x08001234   0x08001234   0x00000090   Code   RO          710    i.Check_Test        main.o
    0x080012c4   0x080012c4   0x00000058   Code   RO          451    i.Config_SMS_Receive  uart_sim.o
    0x0800131c   0x0800131c   0x00000180   Code   RO          452    i.Config_Uart_Sim   uart_sim.o
    0x0800149c   0x0800149c   0x00000002   Code   RO          852    i.DebugMon_Handler  stm32l1xx_it.o
    0x0800149e   0x0800149e   0x00000028   Code   RO          453    i.Delete_Buffer     uart_sim.o
    0x080014c6   0x080014c6   0x00000002   PAD
    0x080014c8   0x080014c8   0x00000044   Code   RO          713    i.Display_Time      main.o
    0x0800150c   0x0800150c   0x00000034   Code   RO          454    i.Display_Uart1     uart_sim.o
    0x08001540   0x08001540   0x00000002   Code   RO          714    i.Error_Handler     main.o
    0x08001542   0x08001542   0x00000002   PAD
    0x08001544   0x08001544   0x00000030   Code   RO         2528    i.FLASH_PageErase   stm32l1xx_hal_flash_ex.o
    0x08001574   0x08001574   0x00000006   Code   RO          556    i.FLASH_ReadData32  user_check_button.o
    0x0800157a   0x0800157a   0x00000002   PAD
    0x0800157c   0x0800157c   0x000000a8   Code   RO         2414    i.FLASH_SetErrorCode  stm32l1xx_hal_flash.o
    0x08001624   0x08001624   0x00000094   Code   RO         2415    i.FLASH_WaitForLastOperation  stm32l1xx_hal_flash.o
    0x080016b8   0x080016b8   0x00000060   Code   RO          557    i.FLASH_WritePage   user_check_button.o
    0x08001718   0x08001718   0x00000028   Code   RO           18    i.GET_SYSTICK_MS    check_button.o
    0x08001740   0x08001740   0x0000005c   Code   RO         2837    i.HAL_DMA_Abort_IT  stm32l1xx_hal_dma.o
    0x0800179c   0x0800179c   0x00000028   Code   RO         2074    i.HAL_Delay         stm32l1xx_hal.o
    0x080017c4   0x080017c4   0x00000090   Code   RO         2537    i.HAL_FLASHEx_Erase  stm32l1xx_hal_flash_ex.o
    0x08001854   0x08001854   0x00000014   Code   RO         2419    i.HAL_FLASH_Lock    stm32l1xx_hal_flash.o
    0x08001868   0x08001868   0x00000054   Code   RO         2424    i.HAL_FLASH_Program  stm32l1xx_hal_flash.o
    0x080018bc   0x080018bc   0x00000064   Code   RO         2426    i.HAL_FLASH_Unlock  stm32l1xx_hal_flash.o
    0x08001920   0x08001920   0x000001d0   Code   RO         2772    i.HAL_GPIO_Init     stm32l1xx_hal_gpio.o
    0x08001af0   0x08001af0   0x00000010   Code   RO         2774    i.HAL_GPIO_ReadPin  stm32l1xx_hal_gpio.o
    0x08001b00   0x08001b00   0x0000000c   Code   RO         2776    i.HAL_GPIO_WritePin  stm32l1xx_hal_gpio.o
    0x08001b0c   0x08001b0c   0x0000000c   Code   RO         2078    i.HAL_GetTick       stm32l1xx_hal.o
    0x08001b18   0x08001b18   0x00000018   Code   RO         2084    i.HAL_IncTick       stm32l1xx_hal.o
    0x08001b30   0x08001b30   0x0000001e   Code   RO         2085    i.HAL_Init          stm32l1xx_hal.o
    0x08001b4e   0x08001b4e   0x00000002   PAD
    0x08001b50   0x08001b50   0x00000058   Code   RO         2086    i.HAL_InitTick      stm32l1xx_hal.o
    0x08001ba8   0x08001ba8   0x0000005c   Code   RO          942    i.HAL_MspInit       stm32l1xx_hal_msp.o
    0x08001c04   0x08001c04   0x00000020   Code   RO         3115    i.HAL_NVIC_EnableIRQ  stm32l1xx_hal_cortex.o
    0x08001c24   0x08001c24   0x0000007c   Code   RO         3121    i.HAL_NVIC_SetPriority  stm32l1xx_hal_cortex.o
    0x08001ca0   0x08001ca0   0x00000028   Code   RO         3122    i.HAL_NVIC_SetPriorityGrouping  stm32l1xx_hal_cortex.o
    0x08001cc8   0x08001cc8   0x00000220   Code   RO         2242    i.HAL_RCC_ClockConfig  stm32l1xx_hal_rcc.o
    0x08001ee8   0x08001ee8   0x0000000c   Code   RO         2247    i.HAL_RCC_GetHCLKFreq  stm32l1xx_hal_rcc.o
    0x08001ef4   0x08001ef4   0x00000020   Code   RO         2249    i.HAL_RCC_GetPCLK1Freq  stm32l1xx_hal_rcc.o
    0x08001f14   0x08001f14   0x00000020   Code   RO         2250    i.HAL_RCC_GetPCLK2Freq  stm32l1xx_hal_rcc.o
    0x08001f34   0x08001f34   0x0000007c   Code   RO         2251    i.HAL_RCC_GetSysClockFreq  stm32l1xx_hal_rcc.o
    0x08001fb0   0x08001fb0   0x000005d0   Code   RO         2254    i.HAL_RCC_OscConfig  stm32l1xx_hal_rcc.o
    0x08002580   0x08002580   0x0000006c   Code   RO           19    i.HAL_SYSTICK_Callback  check_button.o
    0x080025ec   0x080025ec   0x00000034   Code   RO         3126    i.HAL_SYSTICK_Config  stm32l1xx_hal_cortex.o
    0x08002620   0x08002620   0x00000008   Code   RO         3127    i.HAL_SYSTICK_IRQHandler  stm32l1xx_hal_cortex.o
    0x08002628   0x08002628   0x00000054   Code   RO         1706    i.HAL_TIMEx_MasterConfigSynchronization  stm32l1xx_hal_tim_ex.o
    0x0800267c   0x0800267c   0x00000034   Code   RO         1025    i.HAL_TIM_Base_Init  stm32l1xx_hal_tim.o
    0x080026b0   0x080026b0   0x00000040   Code   RO          944    i.HAL_TIM_Base_MspInit  stm32l1xx_hal_msp.o
    0x080026f0   0x080026f0   0x0000002a   Code   RO         1030    i.HAL_TIM_Base_Start_IT  stm32l1xx_hal_tim.o
    0x0800271a   0x0800271a   0x00000108   Code   RO         1034    i.HAL_TIM_ConfigClockSource  stm32l1xx_hal_tim.o
    0x08002822   0x08002822   0x00000002   Code   RO         1054    i.HAL_TIM_IC_CaptureCallback  stm32l1xx_hal_tim.o
    0x08002824   0x08002824   0x00000152   Code   RO         1068    i.HAL_TIM_IRQHandler  stm32l1xx_hal_tim.o
    0x08002976   0x08002976   0x00000002   Code   RO         1071    i.HAL_TIM_OC_DelayElapsedCallback  stm32l1xx_hal_tim.o
    0x08002978   0x08002978   0x00000002   Code   RO         1098    i.HAL_TIM_PWM_PulseFinishedCallback  stm32l1xx_hal_tim.o
    0x0800297a   0x0800297a   0x00000002   PAD
    0x0800297c   0x0800297c   0x00000010   Code   RO          715    i.HAL_TIM_PeriodElapsedCallback  main.o
    0x0800298c   0x0800298c   0x00000002   Code   RO         1111    i.HAL_TIM_TriggerCallback  stm32l1xx_hal_tim.o
    0x0800298e   0x0800298e   0x00000002   Code   RO         1757    i.HAL_UART_ErrorCallback  stm32l1xx_hal_uart.o
    0x08002990   0x08002990   0x0000014c   Code   RO         1760    i.HAL_UART_IRQHandler  stm32l1xx_hal_uart.o
    0x08002adc   0x08002adc   0x00000072   Code   RO         1761    i.HAL_UART_Init     stm32l1xx_hal_uart.o
    0x08002b4e   0x08002b4e   0x00000002   PAD
    0x08002b50   0x08002b50   0x0000010c   Code   RO          946    i.HAL_UART_MspInit  stm32l1xx_hal_msp.o
    0x08002c5c   0x08002c5c   0x00000070   Code   RO         1766    i.HAL_UART_Receive_IT  stm32l1xx_hal_uart.o
    0x08002ccc   0x08002ccc   0x00000068   Code   RO          716    i.HAL_UART_RxCpltCallback  main.o
    0x08002d34   0x08002d34   0x000000d6   Code   RO         1769    i.HAL_UART_Transmit  stm32l1xx_hal_uart.o
    0x08002e0a   0x08002e0a   0x00000002   Code   RO         1772    i.HAL_UART_TxCpltCallback  stm32l1xx_hal_uart.o
    0x08002e0c   0x08002e0c   0x00000004   Code   RO          853    i.HardFault_Handler  stm32l1xx_it.o
    0x08002e10   0x08002e10   0x00000054   Code   RO          631    i.LCD_Change_State_Setup_T1_T2_T3  user_lcd_object.o
    0x08002e64   0x08002e64   0x00000078   Code   RO          632    i.LCD_Change_State_Time_HH_MM_SS  user_lcd_object.o
    0x08002edc   0x08002edc   0x00000054   Code   RO          273    i.LCD_Display_Esc   lcd_object.o
    0x08002f30   0x08002f30   0x00000020   Code   RO          274    i.LCD_Display_Running_OR_Setup  lcd_object.o
    0x08002f50   0x08002f50   0x00000046   Code   RO          275    i.LCD_Display_Time  lcd_object.o
    0x08002f96   0x08002f96   0x00000054   Code   RO          276    i.LCD_Display_Time1_Time2_Time3  lcd_object.o
    0x08002fea   0x08002fea   0x0000001a   Code   RO          277    i.LCD_Send_Data     lcd_object.o
    0x08003004   0x08003004   0x00000124   Code   RO          717    i.MX_GPIO_Init      main.o
    0x08003128   0x08003128   0x0000006c   Code   RO          718    i.MX_TIM2_Init      main.o
    0x08003194   0x08003194   0x00000038   Code   RO          719    i.MX_USART1_UART_Init  main.o
    0x080031cc   0x080031cc   0x00000038   Code   RO          720    i.MX_USART3_UART_Init  main.o
    0x08003204   0x08003204   0x00000004   Code   RO          854    i.MemManage_Handler  stm32l1xx_it.o
    0x08003208   0x08003208   0x00000002   Code   RO          855    i.NMI_Handler       stm32l1xx_it.o
    0x0800320a   0x0800320a   0x00000002   Code   RO          856    i.PendSV_Handler    stm32l1xx_it.o
    0x0800320c   0x0800320c   0x000000a8   Code   RO         2255    i.RCC_SetFlashLatencyFromMSIRange  stm32l1xx_hal_rcc.o
    0x080032b4   0x080032b4   0x00000050   Code   RO          721    i.Read_Flash        main.o
    0x08003304   0x08003304   0x000000f0   Code   RO          991    i.Receive_SMS_Setup  user_sim.o
    0x080033f4   0x080033f4   0x00000032   Code   RO          325    i.Reset_Relay_Led   relay_led.o
    0x08003426   0x08003426   0x00000002   PAD
    0x08003428   0x08003428   0x00000058   Code   RO          558    i.Run_Begin         user_check_button.o
    0x08003480   0x08003480   0x00000110   Code   RO          722    i.Run_Feed_Shrimp   main.o
    0x08003590   0x08003590   0x00000002   Code   RO          857    i.SVC_Handler       stm32l1xx_it.o
    0x08003592   0x08003592   0x00000032   Code   RO          327    i.Set_Relay_Led     relay_led.o
    0x080035c4   0x080035c4   0x00000074   Code   RO          723    i.Set_Time          main.o
    0x08003638   0x08003638   0x00000078   Code   RO          455    i.Setup_On_Off_Sim  uart_sim.o
    0x080036b0   0x080036b0   0x000000d0   Code   RO          724    i.Setup_SIM         main.o
    0x08003780   0x08003780   0x0000016e   Code   RO          456    i.Sim_SendCommand   uart_sim.o
    0x080038ee   0x080038ee   0x0000000c   Code   RO          858    i.SysTick_Handler   stm32l1xx_it.o
    0x080038fa   0x080038fa   0x00000002   PAD
    0x080038fc   0x080038fc   0x00000068   Code   RO          725    i.SystemClock_Config  main.o
    0x08003964   0x08003964   0x00000064   Code   RO         3251    i.SystemInit        system_stm32l1xx.o
    0x080039c8   0x080039c8   0x00000010   Code   RO          859    i.TIM2_IRQHandler   stm32l1xx_it.o
    0x080039d8   0x080039d8   0x00000090   Code   RO         1113    i.TIM_Base_SetConfig  stm32l1xx_hal_tim.o
    0x08003a68   0x08003a68   0x00000016   Code   RO         1124    i.TIM_ETR_SetConfig  stm32l1xx_hal_tim.o
    0x08003a7e   0x08003a7e   0x00000012   Code   RO         1125    i.TIM_ITRx_SetConfig  stm32l1xx_hal_tim.o
    0x08003a90   0x08003a90   0x00000026   Code   RO         1131    i.TIM_TI1_ConfigInputStage  stm32l1xx_hal_tim.o
    0x08003ab6   0x08003ab6   0x00000028   Code   RO         1133    i.TIM_TI2_ConfigInputStage  stm32l1xx_hal_tim.o
    0x08003ade   0x08003ade   0x00000002   PAD
    0x08003ae0   0x08003ae0   0x00000034   Code   RO          457    i.Transmit_Data_Uart3  uart_sim.o
    0x08003b14   0x08003b14   0x00000014   Code   RO         1774    i.UART_DMAAbortOnError  stm32l1xx_hal_uart.o
    0x08003b28   0x08003b28   0x00000020   Code   RO         1784    i.UART_EndRxTransfer  stm32l1xx_hal_uart.o
    0x08003b48   0x08003b48   0x00000020   Code   RO         1785    i.UART_EndTransmit_IT  stm32l1xx_hal_uart.o
    0x08003b68   0x08003b68   0x000000a6   Code   RO         1787    i.UART_Receive_IT   stm32l1xx_hal_uart.o
    0x08003c0e   0x08003c0e   0x00000002   PAD
    0x08003c10   0x08003c10   0x00000310   Code   RO         1788    i.UART_SetConfig    stm32l1xx_hal_uart.o
    0x08003f20   0x08003f20   0x00000068   Code   RO         1789    i.UART_Transmit_IT  stm32l1xx_hal_uart.o
    0x08003f88   0x08003f88   0x0000006c   Code   RO         1790    i.UART_WaitOnFlagUntilTimeout  stm32l1xx_hal_uart.o
    0x08003ff4   0x08003ff4   0x00000010   Code   RO          860    i.USART1_IRQHandler  stm32l1xx_it.o
    0x08004004   0x08004004   0x00000010   Code   RO          861    i.USART3_IRQHandler  stm32l1xx_it.o
    0x08004014   0x08004014   0x00000034   Code   RO          633    i.USER_LCD_Change_Setup  user_lcd_object.o
    0x08004048   0x08004048   0x00000054   Code   RO          634    i.USER_LCD_Display_Running  user_lcd_object.o
    0x0800409c   0x0800409c   0x00000028   Code   RO          635    i.USER_LCD_Display_Running_OR_Setup  user_lcd_object.o
    0x080040c4   0x080040c4   0x00000054   Code   RO          636    i.USER_LCD_Display_Setup  user_lcd_object.o
    0x08004118   0x08004118   0x00000020   Code   RO          637    i.USER_LCD_Display_Time  user_lcd_object.o
    0x08004138   0x08004138   0x00000030   Code   RO          638    i.UintTime_To_CharTime_HH_MM_SS  user_lcd_object.o
    0x08004168   0x08004168   0x00000030   Code   RO          639    i.UintTime_To_CharTime_T1_T2_T3  user_lcd_object.o
    0x08004198   0x08004198   0x00000004   Code   RO          862    i.UsageFault_Handler  stm32l1xx_it.o
    0x0800419c   0x0800419c   0x0000003e   Code   RO          381    i.Variable_To_Char  user_lcd.o
    0x080041da   0x080041da   0x0000002e   Code   RO          383    i.Variable_To_Char_Time  user_lcd.o
    0x08004208   0x08004208   0x00000094   Code   RO          459    i.Wait_SMS_Receive  uart_sim.o
    0x0800429c   0x0800429c   0x00000028   Code   RO         3337    i.__ARM_fpclassify  m_ws.l(fpclassify.o)
    0x080042c4   0x080042c4   0x00000010   Code   RO         3128    i.__NVIC_GetPriorityGrouping  stm32l1xx_hal_cortex.o
    0x080042d4   0x080042d4   0x00000028   Code   RO         3129    i.__NVIC_SetPriority  stm32l1xx_hal_cortex.o
    0x080042fc   0x080042fc   0x000000aa   Code   RO         3339    i.__kernel_poly     m_ws.l(poly.o)
    0x080043a6   0x080043a6   0x00000002   PAD
    0x080043a8   0x080043a8   0x00000010   Code   RO         3323    i.__mathlib_dbl_divzero  m_ws.l(dunder.o)
    0x080043b8   0x080043b8   0x00000004   Code   RO         3325    i.__mathlib_dbl_infnan2  m_ws.l(dunder.o)
    0x080043bc   0x080043bc   0x0000000c   Code   RO         3326    i.__mathlib_dbl_invalid  m_ws.l(dunder.o)
    0x080043c8   0x080043c8   0x0000000e   Code   RO         3327    i.__mathlib_dbl_overflow  m_ws.l(dunder.o)
    0x080043d6   0x080043d6   0x00000002   PAD
    0x080043d8   0x080043d8   0x00000010   Code   RO         3329    i.__mathlib_dbl_underflow  m_ws.l(dunder.o)
    0x080043e8   0x080043e8   0x0000000e   Code   RO         3396    i.__scatterload_copy  mc_w.l(handlers.o)
    0x080043f6   0x080043f6   0x00000002   Code   RO         3397    i.__scatterload_null  mc_w.l(handlers.o)
    0x080043f8   0x080043f8   0x0000000e   Code   RO         3398    i.__scatterload_zeroinit  mc_w.l(handlers.o)
    0x08004406   0x08004406   0x00000002   PAD
    0x08004408   0x08004408   0x0000000c   Code   RO         3372    i.__set_errno       mc_w.l(errno.o)
    0x08004414   0x08004414   0x00000154   Code   RO          726    i.main              main.o
    0x08004568   0x08004568   0x000009d8   Code   RO         3285    i.pow               m_ws.l(pow.o)
    0x08004f40   0x08004f40   0x0000004c   Code   RO         3343    i.sqrt              m_ws.l(sqrt.o)
    0x08004f8c   0x08004f8c   0x00000021   Data   RO         3252    .constdata          system_stm32l1xx.o
    0x08004fad   0x08004fad   0x00000003   PAD
    0x08004fb0   0x08004fb0   0x00000088   Data   RO         3286    .constdata          m_ws.l(pow.o)
    0x08005038   0x08005038   0x00000008   Data   RO         3341    .constdata          m_ws.l(qnan.o)
    0x08005040   0x08005040   0x0000004d   Data   RO          641    .conststring        user_lcd_object.o
    0x0800508d   0x0800508d   0x00000003   PAD
    0x08005090   0x08005090   0x00000020   Data   RO         3394    Region$$Table       anon$$obj.o


    Execution Region RW_IRAM1 (Exec base: 0x20000000, Load base: 0x080050b0, Size: 0x00002d78, Max: 0x00008000, ABSOLUTE)

    Exec Addr    Load Addr    Size         Type   Attr      Idx    E Section Name        Object

    0x20000000   0x080050b0   0x00000010   Data   RW           21    .data               check_button.o
    0x20000010   0x080050c0   0x00000002   Data   RW          460    .data               uart_sim.o
    0x20000012   0x080050c2   0x00000002   PAD
    0x20000014   0x080050c4   0x00000022   Data   RW          559    .data               user_check_button.o
    0x20000036   0x080050e6   0x00000002   PAD
    0x20000038   0x080050e8   0x000000a4   Data   RW          642    .data               user_lcd_object.o
    0x200000dc   0x0800518c   0x00000020   Data   RW          728    .data               main.o
    0x200000fc   0x080051ac   0x0000000c   Data   RW         2092    .data               stm32l1xx_hal.o
    0x20000108   0x080051b8   0x00000004   Data   RW         3253    .data               system_stm32l1xx.o
    0x2000010c   0x080051bc   0x00000004   Data   RW         3373    .data               mc_w.l(errno.o)
    0x20000110        -       0x0000001b   Zero   RW          640    .bss                user_lcd_object.o
    0x2000012b   0x080051c0   0x00000001   PAD
    0x2000012c        -       0x00002834   Zero   RW          727    .bss                main.o
    0x20002960        -       0x00000018   Zero   RW         2427    .bss                stm32l1xx_hal_flash.o
    0x20002978        -       0x00000400   Zero   RW            1    STACK               startup_stm32l151xc.o


==============================================================================

Image component sizes


      Code (inc. data)   RO Data    RW Data    ZI Data      Debug   Object Name

       462         70          0         16          0     412413   check_button.o
       836          6          0          0          0       6434   clcd.o
       296          0          0          0          0       4204   lcd_object.o
      2322        404          0         32      10292       9718   main.o
       100          0          0          0          0       1758   relay_led.o
        36          8        292          0       1024        780   startup_stm32l151xc.o
       194         32          0         12          0       3673   stm32l1xx_hal.o
       312         22          0          0          0      31448   stm32l1xx_hal_cortex.o
        92          0          0          0          0        991   stm32l1xx_hal_dma.o
       520         44          0          0         24       3362   stm32l1xx_hal_flash.o
       192         20          0          0          0       1787   stm32l1xx_hal_flash_ex.o
       492         34          0          0          0       2751   stm32l1xx_hal_gpio.o
       424         32          0          0          0       2136   stm32l1xx_hal_msp.o
      2400        114          0          0          0       6460   stm32l1xx_hal_rcc.o
       966         26          0          0          0       8582   stm32l1xx_hal_tim.o
        84          0          0          0          0       1180   stm32l1xx_hal_tim_ex.o
      2022          8          0          0          0       9163   stm32l1xx_hal_uart.o
        84         18          0          0          0       4892   stm32l1xx_it.o
       100         18         33          4          0       1131   system_stm32l1xx.o
      1380        124          0          2          0       7635   uart_sim.o
       842        148          0         34          0       6368   user_check_button.o
       108          0          0          0          0       1211   user_lcd.o
       592        194         77        164         27       6405   user_lcd_object.o
       376         10          0          0          0       2227   user_sim.o

    ----------------------------------------------------------------------
     15256       1332        440        268      11368     536709   Object Totals
         0          0         32          0          0          0   (incl. Generated)
        24          0          6          4          1          0   (incl. Padding)

    ----------------------------------------------------------------------

      Code (inc. data)   RO Data    RW Data    ZI Data      Debug   Library Member Name

        62         10          0          0          0        340   dunder.o
        40          0          0          0          0         68   fpclassify.o
       170          0          0          0          0         96   poly.o
      2520        190        136          0          0        324   pow.o
         0          0          8          0          0          0   qnan.o
        76          0          0          0          0         84   sqrt.o
         0          0          0          0          0          0   entry.o
         0          0          0          0          0          0   entry10a.o
         0          0          0          0          0          0   entry11a.o
         8          4          0          0          0          0   entry2.o
         4          0          0          0          0          0   entry5.o
         0          0          0          0          0          0   entry7b.o
         0          0          0          0          0          0   entry8b.o
         8          4          0          0          0          0   entry9a.o
        12          6          0          4          0         68   errno.o
        30          0          0          0          0          0   handlers.o
        36          8          0          0          0         68   init.o
         0          0          0          0          0          0   iusefp.o
        30          0          0          0          0         68   llshl.o
        36          0          0          0          0         68   llsshr.o
        32          0          0          0          0         68   llushr.o
        36          0          0          0          0         68   memcpya.o
        36          0          0          0          0        108   memseta.o
        14          0          0          0          0         68   strlen.o
        36          0          0          0          0         80   strstr.o
        48          0          0          0          0         68   cdrcmple.o
       334          0          0          0          0        148   dadd.o
       222          0          0          0          0        100   ddiv.o
       186          0          0          0          0        176   depilogue.o
        50          0          0          0          0         76   dfixui.o
        34          0          0          0          0         76   dflti.o
        26          0          0          0          0         76   dfltui.o
       228          0          0          0          0         96   dmul.o
        46          0          0          0          0         80   dscalb.o
       162          0          0          0          0        100   dsqrt.o
       124          0          0          0          0         88   fdiv.o
       110          0          0          0          0        168   fepilogue.o
        40          0          0          0          0         68   ffixui.o
        10          0          0          0          0         68   ffltui.o

    ----------------------------------------------------------------------
      4816        222        144          4          0       2964   Library Totals
        10          0          0          0          0          0   (incl. Padding)

    ----------------------------------------------------------------------

      Code (inc. data)   RO Data    RW Data    ZI Data      Debug   Library Name

      2868        200        144          0          0        912   m_ws.l
       318         22          0          4          0        664   mc_w.l
      1620          0          0          0          0       1388   mf_w.l

    ----------------------------------------------------------------------
      4816        222        144          4          0       2964   Library Totals

    ----------------------------------------------------------------------

==============================================================================


      Code (inc. data)   RO Data    RW Data    ZI Data      Debug   

     20072       1554        584        272      11368     531141   Grand Totals
     20072       1554        584        272      11368     531141   ELF Image Totals
     20072       1554        584        272          0          0   ROM Totals

==============================================================================

    Total RO  Size (Code + RO Data)                20656 (  20.17kB)
    Total RW  Size (RW Data + ZI Data)             11640 (  11.37kB)
    Total ROM Size (Code + RO Data + RW Data)      20928 (  20.44kB)

==============================================================================

